MPLINK 4.30.01, Linker
Linker Map File - Created Thu May 14 22:04:33 2015

                                 Section Info
                  Section       Type    Address   Location Size(Bytes)
                ---------  ---------  ---------  ---------  ---------
               _entry_scn       code   0x000000    program   0x000006
           .code___init.o       code   0x000006    program   0x000002
              high_vector       code   0x000008    program   0x000006
         .code_i2c_read.o       code   0x00000e    program   0x00000a
               low_vector       code   0x000018    program   0x000006
                   .cinit    romdata   0x00001e    program   0x00000e
       .code_DataLogeer.o       code   0x00002c    program   0x0014b4
                   STDLIB       code   0x0014e0    program   0x000134
         .code_i2c_eesr.o       code   0x001614    program   0x0000aa
               _cinit_scn       code   0x0016be    program   0x00009e
             .stringtable    romdata   0x00175c    program   0x000089
         .romdata_uread.o    romdata   0x0017e5    program   0x000000
         .idata_uread.o_i    romdata   0x0017e5    program   0x000000
       .romdata_adcread.o    romdata   0x0017e5    program   0x000000
       .idata_adcread.o_i    romdata   0x0017e5    program   0x000000
      .romdata_i2c_open.o    romdata   0x0017e5    program   0x000000
      .idata_i2c_open.o_i    romdata   0x0017e5    program   0x000000
       .romdata_adcopen.o    romdata   0x0017e5    program   0x000000
       .idata_adcopen.o_i    romdata   0x0017e5    program   0x000000
      .romdata_i2c_idle.o    romdata   0x0017e5    program   0x000000
      .idata_i2c_idle.o_i    romdata   0x0017e5    program   0x000000
       .romdata_fxm3232.o    romdata   0x0017e5    program   0x000000
      .idata_fxd3232u.o_i    romdata   0x0017e5    program   0x000000
      .romdata_fxd3232u.o    romdata   0x0017e5    program   0x000000
       .idata_fxm3232.o_i    romdata   0x0017e5    program   0x000000
         .idata_udefs.o_i    romdata   0x0017e5    program   0x000000
         .romdata_udefs.o    romdata   0x0017e5    program   0x000000
      .idata_i2c_writ.o_i    romdata   0x0017e5    program   0x000000
      .romdata_i2c_writ.o    romdata   0x0017e5    program   0x000000
        .idata_uwrite.o_i    romdata   0x0017e5    program   0x000000
        .romdata_uwrite.o    romdata   0x0017e5    program   0x000000
        .idata___init.o_i    romdata   0x0017e5    program   0x000000
        .romdata___init.o    romdata   0x0017e5    program   0x000000
      .idata_i2c_gets.o_i    romdata   0x0017e5    program   0x000000
      .romdata_i2c_gets.o    romdata   0x0017e5    program   0x000000
      .idata_i2c_read.o_i    romdata   0x0017e5    program   0x000000
      .romdata_i2c_read.o    romdata   0x0017e5    program   0x000000
        .idata_uputrs.o_i    romdata   0x0017e5    program   0x000000
        .romdata_uputrs.o    romdata   0x0017e5    program   0x000000
      .idata_i2c_puts.o_i    romdata   0x0017e5    program   0x000000
      .romdata_i2c_puts.o    romdata   0x0017e5    program   0x000000
         .idata_c018i.o_i    romdata   0x0017e5    program   0x000000
         .romdata_c018i.o    romdata   0x0017e5    program   0x000000
    .romdata_DataLogeer.o    romdata   0x0017e5    program   0x000000
       .idata_adcbusy.o_i    romdata   0x0017e5    program   0x000000
       .romdata_adcbusy.o    romdata   0x0017e5    program   0x000000
      .idata_adcclose.o_i    romdata   0x0017e5    program   0x000000
      .romdata_adcclose.o    romdata   0x0017e5    program   0x000000
      .idata_i2c_clos.o_i    romdata   0x0017e5    program   0x000000
      .romdata_i2c_clos.o    romdata   0x0017e5    program   0x000000
       .idata_adcconv.o_i    romdata   0x0017e5    program   0x000000
       .romdata_adcconv.o    romdata   0x0017e5    program   0x000000
      .romdata_i2c_eesr.o    romdata   0x0017e5    program   0x000000
      .idata_i2c_eesr.o_i    romdata   0x0017e5    program   0x000000
      .idata_fxd2424u.o_i    romdata   0x0017e5    program   0x000000
      .romdata_i2c_eepw.o    romdata   0x0017e5    program   0x000000
      .romdata_fxd2424u.o    romdata   0x0017e5    program   0x000000
      .idata_i2c_eepw.o_i    romdata   0x0017e5    program   0x000000
            .code_c018i.o       code   0x0017e6    program   0x000000
         .code_i2c_eepw.o       code   0x0017e6    program   0x000086
            .code_udefs.o       code   0x0017e6    program   0x000000
         .code_i2c_puts.o       code   0x00186c    program   0x000076
          .code_fxm3232.o       code   0x0018e2    program   0x000070
          .code_adcopen.o       code   0x001952    program   0x00006e
                     PROG       code   0x0019c0    program   0x000068
         .code_i2c_gets.o       code   0x001a28    program   0x000066
           .code_uputrs.o       code   0x001a8e    program   0x000064
         .code_fxd3232u.o       code   0x001af2    program   0x000048
            .code_uread.o       code   0x001b3a    program   0x00003e
         .code_i2c_writ.o       code   0x001b78    program   0x00003c
         .code_fxd2424u.o       code   0x001bb4    program   0x00003a
         .code_i2c_open.o       code   0x001bee    program   0x000036
             D10KTCYXCODE       code   0x001c24    program   0x00002e
           .code_uwrite.o       code   0x001c52    program   0x00002e
              D1KTCYXCODE       code   0x001c80    program   0x000020
             _startup_scn       code   0x001ca0    program   0x00001c
              D10TCYXCODE       code   0x001cbc    program   0x000016
          .code_adcread.o       code   0x001cd2    program   0x000012
         .code_i2c_idle.o       code   0x001ce4    program   0x00000e
                    .code       code   0x001cf2    program   0x00000e
          .code_adcbusy.o       code   0x001d00    program   0x00000a
         .code_adcclose.o       code   0x001d0a    program   0x000006
         .code_i2c_clos.o       code   0x001d10    program   0x000004
          .code_adcconv.o       code   0x001d14    program   0x000004
    .idata_DataLogeer.o_i    romdata   0x001d18    program   0x0000ab
.config_300000_DataLogeer.o    romdata   0x300000    program   0x000001
.config_300001_DataLogeer.o    romdata   0x300001    program   0x000001
.config_300003_DataLogeer.o    romdata   0x300003    program   0x000001
.config_300005_DataLogeer.o    romdata   0x300005    program   0x000001
.config_300006_DataLogeer.o    romdata   0x300006    program   0x000001
                MATH_DATA      udata   0x000000       data   0x000010
                 .tmpdata      udata   0x000010       data   0x000004
      HighPriorityISR_tmp      udata   0x000014       data   0x000003
                DELAYDAT2      udata   0x000017       data   0x000001
                DELAYDAT1      udata   0x000018       data   0x000001
      .idata_DataLogeer.o      idata   0x000100       data   0x0000ab
      .udata_DataLogeer.o      udata   0x0001ab       data   0x000028
           .udata_c018i.o      udata   0x0001d3       data   0x00000a
           .udata_udefs.o      udata   0x0001dd       data   0x000001
        .idata_i2c_writ.o      idata   0x0001de       data   0x000000
        .udata_i2c_writ.o      udata   0x0001de       data   0x000000
           .idata_udefs.o      idata   0x0001de       data   0x000000
           .idata_uread.o      idata   0x0001de       data   0x000000
           .udata_uread.o      udata   0x0001de       data   0x000000
         .idata_adcread.o      idata   0x0001de       data   0x000000
         .udata_adcread.o      udata   0x0001de       data   0x000000
        .idata_i2c_open.o      idata   0x0001de       data   0x000000
        .udata_i2c_open.o      udata   0x0001de       data   0x000000
         .idata_adcopen.o      idata   0x0001de       data   0x000000
          .udata_uwrite.o      udata   0x0001de       data   0x000000
          .idata_uwrite.o      idata   0x0001de       data   0x000000
          .udata___init.o      udata   0x0001de       data   0x000000
          .idata___init.o      idata   0x0001de       data   0x000000
        .udata_i2c_gets.o      udata   0x0001de       data   0x000000
        .idata_i2c_gets.o      idata   0x0001de       data   0x000000
        .udata_i2c_read.o      udata   0x0001de       data   0x000000
        .idata_i2c_read.o      idata   0x0001de       data   0x000000
          .udata_uputrs.o      udata   0x0001de       data   0x000000
          .idata_uputrs.o      idata   0x0001de       data   0x000000
        .udata_i2c_puts.o      udata   0x0001de       data   0x000000
        .idata_i2c_puts.o      idata   0x0001de       data   0x000000
           .idata_c018i.o      idata   0x0001de       data   0x000000
         .udata_adcbusy.o      udata   0x0001de       data   0x000000
         .idata_adcbusy.o      idata   0x0001de       data   0x000000
        .udata_adcclose.o      udata   0x0001de       data   0x000000
        .idata_adcclose.o      idata   0x0001de       data   0x000000
        .udata_i2c_clos.o      udata   0x0001de       data   0x000000
        .idata_i2c_clos.o      idata   0x0001de       data   0x000000
         .udata_adcconv.o      udata   0x0001de       data   0x000000
         .idata_adcconv.o      idata   0x0001de       data   0x000000
        .udata_i2c_eepw.o      udata   0x0001de       data   0x000000
        .idata_i2c_eepw.o      idata   0x0001de       data   0x000000
        .udata_i2c_eesr.o      udata   0x0001de       data   0x000000
        .idata_i2c_eesr.o      idata   0x0001de       data   0x000000
        .udata_fxd2424u.o      udata   0x0001de       data   0x000000
        .idata_fxd2424u.o      idata   0x0001de       data   0x000000
        .udata_fxd3232u.o      udata   0x0001de       data   0x000000
        .idata_fxd3232u.o      idata   0x0001de       data   0x000000
         .udata_fxm3232.o      udata   0x0001de       data   0x000000
         .idata_fxm3232.o      idata   0x0001de       data   0x000000
        .udata_i2c_idle.o      udata   0x0001de       data   0x000000
        .idata_i2c_idle.o      idata   0x0001de       data   0x000000
         .udata_adcopen.o      udata   0x0001de       data   0x000000
                   .stack      udata   0x000300       data   0x000100
            SFR_UNBANKED0      udata   0x000f62       data   0x00009e



                              Program Memory Usage 
                               Start         End      
                           ---------   ---------      
                            0x000000    0x0017e4      
                            0x0017e6    0x001dc2      
                            0x300000    0x300001      
                            0x300003    0x300003      
                            0x300005    0x300006      
            7623 out of 33048 program addresses used, program memory utilization is 23%



                              Symbols - Sorted by Name
                     Name    Address   Location    Storage File                     
                ---------  ---------  ---------  --------- ---------                
          ArmazenaMemoria   0x000fa6    program     extern C:\Users\Lucas7\Desktop\Lucas\DataLogeer.c
                  BusyADC   0x001d00    program     extern C:\MCC18\src\pmc_common\ADC\adcbusy.c
                 BusyXLCD   0x00014c    program     extern C:\Users\Lucas7\Desktop\Lucas\xlcd_mod.c
                 CloseADC   0x001d0a    program     extern C:\MCC18\src\pmc_common\ADC\adcclose.c
                 CloseI2C   0x001d10    program     extern C:\MCC18\src\pmc_common\i2c\i2c_clos.c
               ConvertADC   0x001d14    program     extern C:\MCC18\src\pmc_common\ADC\adcconv.c
                   D10K_1   0x001c30    program     static C:\MCC18\src\traditional\delays\d10ktcyx.asm
                    D10Kl   0x001c3c    program     static C:\MCC18\src\traditional\delays\d10ktcyx.asm
                    D10Kx   0x001c2e    program     static C:\MCC18\src\traditional\delays\d10ktcyx.asm
                    D10_1   0x001ccc    program     static C:\MCC18\src\traditional\delays\d10tcyx.asm
                     D10x   0x001cc4    program     static C:\MCC18\src\traditional\delays\d10tcyx.asm
                    D1K_1   0x001c8c    program     static C:\MCC18\src\traditional\delays\d1ktcyx.asm
                     D1Kx   0x001c8a    program     static C:\MCC18\src\traditional\delays\d1ktcyx.asm
                   D3232S   0x0019f0    program     static C:\MCC18\src\traditional\math\fxd3232s.asm
                D3232SNEG   0x0019fe    program     static C:\MCC18\src\traditional\math\fxd3232s.asm
                 D3232SOK   0x0019fa    program     static C:\MCC18\src\traditional\math\fxd3232s.asm
                  D3232SX   0x001a1e    program     static C:\MCC18\src\traditional\math\fxd3232s.asm
                  DA3232S   0x0019da    program     static C:\MCC18\src\traditional\math\fxd3232s.asm
             Delay10KTCYx   0x001c24    program     extern C:\MCC18\src\traditional\delays\d10ktcyx.asm
              Delay10TCYx   0x001cbc    program     extern C:\MCC18\src\traditional\delays\d10tcyx.asm
              Delay1KTCYx   0x001c80    program     extern C:\MCC18\src\traditional\delays\d1ktcyx.asm
            DelayFor18TCY   0x00002c    program     extern C:\Users\Lucas7\Desktop\Lucas\xlcd_mod.c
             DelayPORXLCD   0x000038    program     extern C:\Users\Lucas7\Desktop\Lucas\xlcd_mod.c
                DelayXLCD   0x000044    program     extern C:\Users\Lucas7\Desktop\Lucas\xlcd_mod.c
              EEPageWrite   0x0017e6    program     extern C:\MCC18\src\pmc_common\i2c\i2c_eepw.c
         EESequentialRead   0x001614    program     extern C:\MCC18\src\pmc_common\i2c\i2c_eesr.c
                 FXD2424U   0x001bb4    program     extern C:\MCC18\src\traditional\math\fxd2424u.c
                 FXD3232S   0x0019c0    program     extern C:\MCC18\src\traditional\math\fxd3232s.asm
                 FXD3232U   0x001af2    program     extern C:\MCC18\src\traditional\math\fxd3232u.c
                  FXM3232   0x0018e2    program     extern C:\MCC18\src\traditional\math\fxm3232.c
          HighPriorityISR   0x000368    program     extern C:\Users\Lucas7\Desktop\Lucas\DataLogeer.c
                  IdleI2C   0x001ce4    program     extern C:\MCC18\src\pmc_common\i2c\i2c_idle.c
           LowPriorityISR   0x000492    program     extern C:\Users\Lucas7\Desktop\Lucas\DataLogeer.c
                  OneByte   0x001602    program     static C:\MCC18\src\traditional\stdclib\itobcd.asm
                  OpenADC   0x001952    program     extern C:\MCC18\src\pmc_common\ADC\adcopen.c
                  OpenI2C   0x001bee    program     extern C:\MCC18\src\pmc_common\i2c\i2c_open.c
                 OpenXLCD   0x000050    program     extern C:\Users\Lucas7\Desktop\Lucas\xlcd_mod.c
                PrintBCD2   0x001476    program     extern C:\Users\Lucas7\Desktop\Lucas\DataLogeer.c
                ProcLower   0x0015b6    program     static C:\MCC18\src\traditional\stdclib\itoa.asm
                ProcUpper   0x0015ac    program     static C:\MCC18\src\traditional\stdclib\itoa.asm
                  ReadADC   0x001cd2    program     extern C:\MCC18\src\pmc_common\ADC\adcread.c
             ReadAddrXLCD   0x0001c8    program     extern C:\Users\Lucas7\Desktop\Lucas\xlcd_mod.c
             ReadDataXLCD   0x000206    program     extern C:\Users\Lucas7\Desktop\Lucas\xlcd_mod.c
                  ReadI2C   0x00000e    program     extern C:\MCC18\src\pmc_common\i2c\i2c_read.c
                ReadUSART   0x001b3a    program     extern C:\MCC18\src\pmc_common\USART\uread.c
             SetCGRamAddr   0x000244    program     extern C:\Users\Lucas7\Desktop\Lucas\xlcd_mod.c
             SetDDRamAddr   0x00028c    program     extern C:\Users\Lucas7\Desktop\Lucas\xlcd_mod.c
        TransmissaoEEPROM   0x000a76    program     extern C:\Users\Lucas7\Desktop\Lucas\DataLogeer.c
                 TstLower   0x0015a0    program     static C:\MCC18\src\traditional\stdclib\itoa.asm
                 TstUpper   0x00159a    program     static C:\MCC18\src\traditional\stdclib\itoa.asm
             WriteCmdXLCD   0x000106    program     extern C:\Users\Lucas7\Desktop\Lucas\xlcd_mod.c
            WriteDataXLCD   0x0002d4    program     extern C:\Users\Lucas7\Desktop\Lucas\xlcd_mod.c
                 WriteI2C   0x001b78    program     extern C:\MCC18\src\pmc_common\i2c\i2c_writ.c
               WriteUSART   0x001c52    program     extern C:\MCC18\src\pmc_common\USART\uwrite.c
       _D10KTCYXCODE_0010   0x001c34    program     static C:\MCC18\src\traditional\delays\d10ktcyx.asm
       _D10KTCYXCODE_001C   0x001c40    program     static C:\MCC18\src\traditional\delays\d10ktcyx.asm
        _D10TCYXCODE_000A   0x001cc6    program     static C:\MCC18\src\traditional\delays\d10tcyx.asm
        _D10TCYXCODE_000C   0x001cc8    program     static C:\MCC18\src\traditional\delays\d10tcyx.asm
        _D10TCYXCODE_000E   0x001cca    program     static C:\MCC18\src\traditional\delays\d10tcyx.asm
        _D1KTCYXCODE_0010   0x001c90    program     static C:\MCC18\src\traditional\delays\d1ktcyx.asm
        _D1KTCYXCODE_0016   0x001c96    program     static C:\MCC18\src\traditional\delays\d1ktcyx.asm
       ___return_lbl00000   0x000004    program     static                          
       ___return_lbl00000   0x001950    program     static                          
       ___return_lbl00000   0x001bec    program     static                          
       ___return_lbl00000   0x001b38    program     static                          
       ___return_lbl00001   0x001cba    program     static                          
       ___return_lbl00002   0x00175a    program     static                          
       ___return_lbl00035   0x00001c    program     static                          
       ___return_lbl00036   0x00000c    program     static                          
               __config_0   0x300000    program     static C:\Users\Lucas7\Desktop\Lucas\DataLogeer.c
               __config_1   0x300001    program     static C:\Users\Lucas7\Desktop\Lucas\DataLogeer.c
               __config_2   0x300003    program     static C:\Users\Lucas7\Desktop\Lucas\DataLogeer.c
               __config_3   0x300005    program     static C:\Users\Lucas7\Desktop\Lucas\DataLogeer.c
               __config_4   0x300006    program     static C:\Users\Lucas7\Desktop\Lucas\DataLogeer.c
                   __init   0x000006    program     extern C:\MCC18\src\traditional\stdclib\__init.c
                   __pa_0   0x0016b0    program     static C:\MCC18\src\pmc_common\i2c\i2c_eesr.c
                   __pa_0   0x00185e    program     static C:\MCC18\src\pmc_common\i2c\i2c_eepw.c
                   __pa_0   0x0018d2    program     static C:\MCC18\src\pmc_common\i2c\i2c_puts.c
              __string_10   0x001762    program     static C:\Users\Lucas7\Desktop\Lucas\DataLogeer.c
              __string_11   0x00175f    program     static C:\Users\Lucas7\Desktop\Lucas\DataLogeer.c
              __string_12   0x00175c    program     static C:\Users\Lucas7\Desktop\Lucas\DataLogeer.c
               __string_4   0x0017be    program     static C:\Users\Lucas7\Desktop\Lucas\DataLogeer.c
               __string_5   0x0017b4    program     static C:\Users\Lucas7\Desktop\Lucas\DataLogeer.c
               __string_6   0x0017ac    program     static C:\Users\Lucas7\Desktop\Lucas\DataLogeer.c
               __string_7   0x0017a9    program     static C:\Users\Lucas7\Desktop\Lucas\DataLogeer.c
               __string_8   0x00177a    program     static C:\Users\Lucas7\Desktop\Lucas\DataLogeer.c
               __string_9   0x001764    program     static C:\Users\Lucas7\Desktop\Lucas\DataLogeer.c
            __zero_memory   0x001cf2    program     extern C:\MCC18\src\traditional\proc\p18F4550.asm
                _do_cinit   0x0016be    program     extern C:\MCC18\src\traditional\startup\c018i.c
                   _entry   0x000000    program     extern C:\MCC18\src\traditional\startup\c018i.c
                   _false   0x001be8    program     static                          
                   _false   0x001b34    program     static                          
                 _startup   0x001ca0    program     extern C:\MCC18\src\traditional\startup\c018i.c
   alterar_data_hora_base   0x0008dc    program     extern C:\Users\Lucas7\Desktop\Lucas\DataLogeer.c
                   atraso   0x0012e2    program     extern C:\Users\Lucas7\Desktop\Lucas\DataLogeer.c
               clear_loop   0x001cf8    program     static C:\MCC18\src\traditional\proc\p18F4550.asm
         converteArmazena   0x000ef4    program     extern C:\Users\Lucas7\Desktop\Lucas\DataLogeer.c
                copy_loop   0x001730    program     static                          
            copy_one_byte   0x001736    program     static                          
                     done   0x00175a    program     static                          
             done_copying   0x001744    program     static                          
                 get_char   0x0011fe    program     extern C:\Users\Lucas7\Desktop\Lucas\DataLogeer.c
                  getsI2C   0x001a28    program     extern C:\MCC18\src\pmc_common\i2c\i2c_gets.c
 interrupt_at_high_vector   0x000008    program     extern C:\Users\Lucas7\Desktop\Lucas\DataLogeer.c
  interrupt_at_low_vector   0x000018    program     extern C:\Users\Lucas7\Desktop\Lucas\DataLogeer.c
                   itoBCD   0x0015c0    program     extern C:\MCC18\src\traditional\stdclib\itobcd.asm
                     itoa   0x0014e0    program     extern C:\MCC18\src\traditional\stdclib\itoa.asm
                     jDo1   0x001566    program     static C:\MCC18\src\traditional\stdclib\itoa.asm
                     jDo2   0x001562    program     static C:\MCC18\src\traditional\stdclib\itoa.asm
                     jDo3   0x00155e    program     static C:\MCC18\src\traditional\stdclib\itoa.asm
                     jDo4   0x00155a    program     static C:\MCC18\src\traditional\stdclib\itoa.asm
                     jDo5   0x001556    program     static C:\MCC18\src\traditional\stdclib\itoa.asm
                     jEnd   0x0015fe    program     static C:\MCC18\src\traditional\stdclib\itobcd.asm
                    jLoop   0x0015d8    program     static C:\MCC18\src\traditional\stdclib\itobcd.asm
                jTstLowZ1   0x0015aa    program     static C:\MCC18\src\traditional\stdclib\itoa.asm
                jTstSign1   0x00150c    program     static C:\MCC18\src\traditional\stdclib\itoa.asm
            leituraEEPROM   0x000ea8    program     extern C:\Users\Lucas7\Desktop\Lucas\DataLogeer.c
                     loop   0x001bc0    program     static                          
                     loop   0x001cb0    program     static                          
                     loop   0x001b00    program     static                          
                     main   0x000570    program     extern C:\Users\Lucas7\Desktop\Lucas\DataLogeer.c
               putrsUSART   0x001a8e    program     extern C:\MCC18\src\pmc_common\USART\uputrs.c
                putrsXLCD   0x00031a    program     extern C:\Users\Lucas7\Desktop\Lucas\xlcd_mod.c
                  putsI2C   0x00186c    program     extern C:\MCC18\src\pmc_common\i2c\i2c_puts.c
                 putsXLCD   0x00017e    program     extern C:\Users\Lucas7\Desktop\Lucas\xlcd_mod.c
                read_time   0x001282    program     extern C:\Users\Lucas7\Desktop\Lucas\DataLogeer.c
                sent_char   0x0011b0    program     extern C:\Users\Lucas7\Desktop\Lucas\DataLogeer.c
                set_ch_on   0x0013fe    program     extern C:\Users\Lucas7\Desktop\Lucas\DataLogeer.c
                 set_time   0x00132e    program     extern C:\Users\Lucas7\Desktop\Lucas\DataLogeer.c
               set_wp_off   0x0013a0    program     extern C:\Users\Lucas7\Desktop\Lucas\DataLogeer.c
                set_wp_on   0x0013ce    program     extern C:\Users\Lucas7\Desktop\Lucas\DataLogeer.c
                     test   0x0016d8    program     static                          
                   ADCON0   0x000fc2       data     extern C:\MCC18\src\traditional\proc\p18F4550.asm
               ADCON0bits   0x000fc2       data     extern C:\MCC18\src\traditional\proc\p18F4550.asm
                   ADCON1   0x000fc1       data     extern C:\MCC18\src\traditional\proc\p18F4550.asm
               ADCON1bits   0x000fc1       data     extern C:\MCC18\src\traditional\proc\p18F4550.asm
                   ADCON2   0x000fc0       data     extern C:\MCC18\src\traditional\proc\p18F4550.asm
               ADCON2bits   0x000fc0       data     extern C:\MCC18\src\traditional\proc\p18F4550.asm
                    ADRES   0x000fc3       data     extern C:\MCC18\src\traditional\proc\p18F4550.asm
                   ADRESH   0x000fc4       data     extern C:\MCC18\src\traditional\proc\p18F4550.asm
                   ADRESL   0x000fc3       data     extern C:\MCC18\src\traditional\proc\p18F4550.asm
                  BAUDCON   0x000fb8       data     extern C:\MCC18\src\traditional\proc\p18F4550.asm
              BAUDCONbits   0x000fb8       data     extern C:\MCC18\src\traditional\proc\p18F4550.asm
                      BSR   0x000fe0       data     extern C:\MCC18\src\traditional\proc\p18F4550.asm
                   CCP1AS   0x000fb6       data     extern C:\MCC18\src\traditional\proc\p18F4550.asm
               CCP1ASbits   0x000fb6       data     extern C:\MCC18\src\traditional\proc\p18F4550.asm
                  CCP1CON   0x000fbd       data     extern C:\MCC18\src\traditional\proc\p18F4550.asm
              CCP1CONbits   0x000fbd       data     extern C:\MCC18\src\traditional\proc\p18F4550.asm
                  CCP1DEL   0x000fb7       data     extern C:\MCC18\src\traditional\proc\p18F4550.asm
              CCP1DELbits   0x000fb7       data     extern C:\MCC18\src\traditional\proc\p18F4550.asm
                  CCP2CON   0x000fba       data     extern C:\MCC18\src\traditional\proc\p18F4550.asm
              CCP2CONbits   0x000fba       data     extern C:\MCC18\src\traditional\proc\p18F4550.asm
                    CCPR1   0x000fbe       data     extern C:\MCC18\src\traditional\proc\p18F4550.asm
                   CCPR1H   0x000fbf       data     extern C:\MCC18\src\traditional\proc\p18F4550.asm
                   CCPR1L   0x000fbe       data     extern C:\MCC18\src\traditional\proc\p18F4550.asm
                    CCPR2   0x000fbb       data     extern C:\MCC18\src\traditional\proc\p18F4550.asm
                   CCPR2H   0x000fbc       data     extern C:\MCC18\src\traditional\proc\p18F4550.asm
                   CCPR2L   0x000fbb       data     extern C:\MCC18\src\traditional\proc\p18F4550.asm
                    CMCON   0x000fb4       data     extern C:\MCC18\src\traditional\proc\p18F4550.asm
                CMCONbits   0x000fb4       data     extern C:\MCC18\src\traditional\proc\p18F4550.asm
                   CVRCON   0x000fb5       data     extern C:\MCC18\src\traditional\proc\p18F4550.asm
               CVRCONbits   0x000fb5       data     extern C:\MCC18\src\traditional\proc\p18F4550.asm
                     DDRA   0x000f92       data     extern C:\MCC18\src\traditional\proc\p18F4550.asm
                 DDRAbits   0x000f92       data     extern C:\MCC18\src\traditional\proc\p18F4550.asm
                     DDRB   0x000f93       data     extern C:\MCC18\src\traditional\proc\p18F4550.asm
                 DDRBbits   0x000f93       data     extern C:\MCC18\src\traditional\proc\p18F4550.asm
                     DDRC   0x000f94       data     extern C:\MCC18\src\traditional\proc\p18F4550.asm
                 DDRCbits   0x000f94       data     extern C:\MCC18\src\traditional\proc\p18F4550.asm
                     DDRD   0x000f95       data     extern C:\MCC18\src\traditional\proc\p18F4550.asm
                 DDRDbits   0x000f95       data     extern C:\MCC18\src\traditional\proc\p18F4550.asm
                     DDRE   0x000f96       data     extern C:\MCC18\src\traditional\proc\p18F4550.asm
                 DDREbits   0x000f96       data     extern C:\MCC18\src\traditional\proc\p18F4550.asm
            DelayCounter1   0x000018       data     extern C:\MCC18\src\traditional\delays\delayd1.asm
            DelayCounter2   0x000017       data     extern C:\MCC18\src\traditional\delays\delayd2.asm
                  ECCP1AS   0x000fb6       data     extern C:\MCC18\src\traditional\proc\p18F4550.asm
              ECCP1ASbits   0x000fb6       data     extern C:\MCC18\src\traditional\proc\p18F4550.asm
                 ECCP1CON   0x000fbd       data     extern C:\MCC18\src\traditional\proc\p18F4550.asm
             ECCP1CONbits   0x000fbd       data     extern C:\MCC18\src\traditional\proc\p18F4550.asm
                 ECCP1DEL   0x000fb7       data     extern C:\MCC18\src\traditional\proc\p18F4550.asm
             ECCP1DELbits   0x000fb7       data     extern C:\MCC18\src\traditional\proc\p18F4550.asm
                    EEADR   0x000fa9       data     extern C:\MCC18\src\traditional\proc\p18F4550.asm
                   EECON1   0x000fa6       data     extern C:\MCC18\src\traditional\proc\p18F4550.asm
               EECON1bits   0x000fa6       data     extern C:\MCC18\src\traditional\proc\p18F4550.asm
                   EECON2   0x000fa7       data     extern C:\MCC18\src\traditional\proc\p18F4550.asm
                   EEDATA   0x000fa8       data     extern C:\MCC18\src\traditional\proc\p18F4550.asm
                     FSR0   0x000fe9       data     extern C:\MCC18\src\traditional\proc\p18F4550.asm
                    FSR0H   0x000fea       data     extern C:\MCC18\src\traditional\proc\p18F4550.asm
                    FSR0L   0x000fe9       data     extern C:\MCC18\src\traditional\proc\p18F4550.asm
                     FSR1   0x000fe1       data     extern C:\MCC18\src\traditional\proc\p18F4550.asm
                    FSR1H   0x000fe2       data     extern C:\MCC18\src\traditional\proc\p18F4550.asm
                    FSR1L   0x000fe1       data     extern C:\MCC18\src\traditional\proc\p18F4550.asm
                     FSR2   0x000fd9       data     extern C:\MCC18\src\traditional\proc\p18F4550.asm
                    FSR2H   0x000fda       data     extern C:\MCC18\src\traditional\proc\p18F4550.asm
                    FSR2L   0x000fd9       data     extern C:\MCC18\src\traditional\proc\p18F4550.asm
                  HLVDCON   0x000fd2       data     extern C:\MCC18\src\traditional\proc\p18F4550.asm
              HLVDCONbits   0x000fd2       data     extern C:\MCC18\src\traditional\proc\p18F4550.asm
                    INDF0   0x000fef       data     extern C:\MCC18\src\traditional\proc\p18F4550.asm
                    INDF1   0x000fe7       data     extern C:\MCC18\src\traditional\proc\p18F4550.asm
                    INDF2   0x000fdf       data     extern C:\MCC18\src\traditional\proc\p18F4550.asm
                   INTCON   0x000ff2       data     extern C:\MCC18\src\traditional\proc\p18F4550.asm
                  INTCON2   0x000ff1       data     extern C:\MCC18\src\traditional\proc\p18F4550.asm
              INTCON2bits   0x000ff1       data     extern C:\MCC18\src\traditional\proc\p18F4550.asm
                  INTCON3   0x000ff0       data     extern C:\MCC18\src\traditional\proc\p18F4550.asm
              INTCON3bits   0x000ff0       data     extern C:\MCC18\src\traditional\proc\p18F4550.asm
               INTCONbits   0x000ff2       data     extern C:\MCC18\src\traditional\proc\p18F4550.asm
                     IPR1   0x000f9f       data     extern C:\MCC18\src\traditional\proc\p18F4550.asm
                 IPR1bits   0x000f9f       data     extern C:\MCC18\src\traditional\proc\p18F4550.asm
                     IPR2   0x000fa2       data     extern C:\MCC18\src\traditional\proc\p18F4550.asm
                 IPR2bits   0x000fa2       data     extern C:\MCC18\src\traditional\proc\p18F4550.asm
                     LATA   0x000f89       data     extern C:\MCC18\src\traditional\proc\p18F4550.asm
                 LATAbits   0x000f89       data     extern C:\MCC18\src\traditional\proc\p18F4550.asm
                     LATB   0x000f8a       data     extern C:\MCC18\src\traditional\proc\p18F4550.asm
                 LATBbits   0x000f8a       data     extern C:\MCC18\src\traditional\proc\p18F4550.asm
                     LATC   0x000f8b       data     extern C:\MCC18\src\traditional\proc\p18F4550.asm
                 LATCbits   0x000f8b       data     extern C:\MCC18\src\traditional\proc\p18F4550.asm
                     LATD   0x000f8c       data     extern C:\MCC18\src\traditional\proc\p18F4550.asm
                 LATDbits   0x000f8c       data     extern C:\MCC18\src\traditional\proc\p18F4550.asm
                     LATE   0x000f8d       data     extern C:\MCC18\src\traditional\proc\p18F4550.asm
                 LATEbits   0x000f8d       data     extern C:\MCC18\src\traditional\proc\p18F4550.asm
                   LVDCON   0x000fd2       data     extern C:\MCC18\src\traditional\proc\p18F4550.asm
               LVDCONbits   0x000fd2       data     extern C:\MCC18\src\traditional\proc\p18F4550.asm
                   OSCCON   0x000fd3       data     extern C:\MCC18\src\traditional\proc\p18F4550.asm
               OSCCONbits   0x000fd3       data     extern C:\MCC18\src\traditional\proc\p18F4550.asm
                  OSCTUNE   0x000f9b       data     extern C:\MCC18\src\traditional\proc\p18F4550.asm
              OSCTUNEbits   0x000f9b       data     extern C:\MCC18\src\traditional\proc\p18F4550.asm
                       PC   0x000ff9       data     extern C:\MCC18\src\traditional\proc\p18F4550.asm
                      PCL   0x000ff9       data     extern C:\MCC18\src\traditional\proc\p18F4550.asm
                   PCLATH   0x000ffa       data     extern C:\MCC18\src\traditional\proc\p18F4550.asm
                   PCLATU   0x000ffb       data     extern C:\MCC18\src\traditional\proc\p18F4550.asm
                     PIE1   0x000f9d       data     extern C:\MCC18\src\traditional\proc\p18F4550.asm
                 PIE1bits   0x000f9d       data     extern C:\MCC18\src\traditional\proc\p18F4550.asm
                     PIE2   0x000fa0       data     extern C:\MCC18\src\traditional\proc\p18F4550.asm
                 PIE2bits   0x000fa0       data     extern C:\MCC18\src\traditional\proc\p18F4550.asm
                     PIR1   0x000f9e       data     extern C:\MCC18\src\traditional\proc\p18F4550.asm
                 PIR1bits   0x000f9e       data     extern C:\MCC18\src\traditional\proc\p18F4550.asm
                     PIR2   0x000fa1       data     extern C:\MCC18\src\traditional\proc\p18F4550.asm
                 PIR2bits   0x000fa1       data     extern C:\MCC18\src\traditional\proc\p18F4550.asm
                   PLUSW0   0x000feb       data     extern C:\MCC18\src\traditional\proc\p18F4550.asm
                   PLUSW1   0x000fe3       data     extern C:\MCC18\src\traditional\proc\p18F4550.asm
                   PLUSW2   0x000fdb       data     extern C:\MCC18\src\traditional\proc\p18F4550.asm
                    PORTA   0x000f80       data     extern C:\MCC18\src\traditional\proc\p18F4550.asm
                PORTAbits   0x000f80       data     extern C:\MCC18\src\traditional\proc\p18F4550.asm
                    PORTB   0x000f81       data     extern C:\MCC18\src\traditional\proc\p18F4550.asm
                PORTBbits   0x000f81       data     extern C:\MCC18\src\traditional\proc\p18F4550.asm
                    PORTC   0x000f82       data     extern C:\MCC18\src\traditional\proc\p18F4550.asm
                PORTCbits   0x000f82       data     extern C:\MCC18\src\traditional\proc\p18F4550.asm
                    PORTD   0x000f83       data     extern C:\MCC18\src\traditional\proc\p18F4550.asm
                PORTDbits   0x000f83       data     extern C:\MCC18\src\traditional\proc\p18F4550.asm
                    PORTE   0x000f84       data     extern C:\MCC18\src\traditional\proc\p18F4550.asm
                PORTEbits   0x000f84       data     extern C:\MCC18\src\traditional\proc\p18F4550.asm
                 POSTDEC0   0x000fed       data     extern C:\MCC18\src\traditional\proc\p18F4550.asm
                 POSTDEC1   0x000fe5       data     extern C:\MCC18\src\traditional\proc\p18F4550.asm
                 POSTDEC2   0x000fdd       data     extern C:\MCC18\src\traditional\proc\p18F4550.asm
                 POSTINC0   0x000fee       data     extern C:\MCC18\src\traditional\proc\p18F4550.asm
                 POSTINC1   0x000fe6       data     extern C:\MCC18\src\traditional\proc\p18F4550.asm
                 POSTINC2   0x000fde       data     extern C:\MCC18\src\traditional\proc\p18F4550.asm
                      PR2   0x000fcb       data     extern C:\MCC18\src\traditional\proc\p18F4550.asm
                  PREINC0   0x000fec       data     extern C:\MCC18\src\traditional\proc\p18F4550.asm
                  PREINC1   0x000fe4       data     extern C:\MCC18\src\traditional\proc\p18F4550.asm
                  PREINC2   0x000fdc       data     extern C:\MCC18\src\traditional\proc\p18F4550.asm
                     PROD   0x000ff3       data     extern C:\MCC18\src\traditional\proc\p18F4550.asm
                    PRODH   0x000ff4       data     extern C:\MCC18\src\traditional\proc\p18F4550.asm
                    PRODL   0x000ff3       data     extern C:\MCC18\src\traditional\proc\p18F4550.asm
                     RCON   0x000fd0       data     extern C:\MCC18\src\traditional\proc\p18F4550.asm
                 RCONbits   0x000fd0       data     extern C:\MCC18\src\traditional\proc\p18F4550.asm
                    RCREG   0x000fae       data     extern C:\MCC18\src\traditional\proc\p18F4550.asm
                    RCSTA   0x000fab       data     extern C:\MCC18\src\traditional\proc\p18F4550.asm
                RCSTAbits   0x000fab       data     extern C:\MCC18\src\traditional\proc\p18F4550.asm
                     SIGN   0x000000       data     extern C:\MCC18\src\traditional\math\cmath18.asm
                    SPBRG   0x000faf       data     extern C:\MCC18\src\traditional\proc\p18F4550.asm
                   SPBRGH   0x000fb0       data     extern C:\MCC18\src\traditional\proc\p18F4550.asm
                   SPPCFG   0x000f63       data     extern C:\MCC18\src\traditional\proc\p18F4550.asm
               SPPCFGbits   0x000f63       data     extern C:\MCC18\src\traditional\proc\p18F4550.asm
                   SPPCON   0x000f65       data     extern C:\MCC18\src\traditional\proc\p18F4550.asm
               SPPCONbits   0x000f65       data     extern C:\MCC18\src\traditional\proc\p18F4550.asm
                  SPPDATA   0x000f62       data     extern C:\MCC18\src\traditional\proc\p18F4550.asm
                   SPPEPS   0x000f64       data     extern C:\MCC18\src\traditional\proc\p18F4550.asm
               SPPEPSbits   0x000f64       data     extern C:\MCC18\src\traditional\proc\p18F4550.asm
                   SSPADD   0x000fc8       data     extern C:\MCC18\src\traditional\proc\p18F4550.asm
                   SSPBUF   0x000fc9       data     extern C:\MCC18\src\traditional\proc\p18F4550.asm
                  SSPCON1   0x000fc6       data     extern C:\MCC18\src\traditional\proc\p18F4550.asm
              SSPCON1bits   0x000fc6       data     extern C:\MCC18\src\traditional\proc\p18F4550.asm
                  SSPCON2   0x000fc5       data     extern C:\MCC18\src\traditional\proc\p18F4550.asm
              SSPCON2bits   0x000fc5       data     extern C:\MCC18\src\traditional\proc\p18F4550.asm
                  SSPSTAT   0x000fc7       data     extern C:\MCC18\src\traditional\proc\p18F4550.asm
              SSPSTATbits   0x000fc7       data     extern C:\MCC18\src\traditional\proc\p18F4550.asm
                   STATUS   0x000fd8       data     extern C:\MCC18\src\traditional\proc\p18F4550.asm
               STATUSbits   0x000fd8       data     extern C:\MCC18\src\traditional\proc\p18F4550.asm
                   STKPTR   0x000ffc       data     extern C:\MCC18\src\traditional\proc\p18F4550.asm
               STKPTRbits   0x000ffc       data     extern C:\MCC18\src\traditional\proc\p18F4550.asm
                    T0CON   0x000fd5       data     extern C:\MCC18\src\traditional\proc\p18F4550.asm
                T0CONbits   0x000fd5       data     extern C:\MCC18\src\traditional\proc\p18F4550.asm
                    T1CON   0x000fcd       data     extern C:\MCC18\src\traditional\proc\p18F4550.asm
                T1CONbits   0x000fcd       data     extern C:\MCC18\src\traditional\proc\p18F4550.asm
                    T2CON   0x000fca       data     extern C:\MCC18\src\traditional\proc\p18F4550.asm
                T2CONbits   0x000fca       data     extern C:\MCC18\src\traditional\proc\p18F4550.asm
                    T3CON   0x000fb1       data     extern C:\MCC18\src\traditional\proc\p18F4550.asm
                T3CONbits   0x000fb1       data     extern C:\MCC18\src\traditional\proc\p18F4550.asm
                   TABLAT   0x000ff5       data     extern C:\MCC18\src\traditional\proc\p18F4550.asm
                   TBLPTR   0x000ff6       data     extern C:\MCC18\src\traditional\proc\p18F4550.asm
                  TBLPTRH   0x000ff7       data     extern C:\MCC18\src\traditional\proc\p18F4550.asm
                  TBLPTRL   0x000ff6       data     extern C:\MCC18\src\traditional\proc\p18F4550.asm
                  TBLPTRU   0x000ff8       data     extern C:\MCC18\src\traditional\proc\p18F4550.asm
                    TMR0H   0x000fd7       data     extern C:\MCC18\src\traditional\proc\p18F4550.asm
                    TMR0L   0x000fd6       data     extern C:\MCC18\src\traditional\proc\p18F4550.asm
                    TMR1H   0x000fcf       data     extern C:\MCC18\src\traditional\proc\p18F4550.asm
                    TMR1L   0x000fce       data     extern C:\MCC18\src\traditional\proc\p18F4550.asm
                     TMR2   0x000fcc       data     extern C:\MCC18\src\traditional\proc\p18F4550.asm
                    TMR3H   0x000fb3       data     extern C:\MCC18\src\traditional\proc\p18F4550.asm
                    TMR3L   0x000fb2       data     extern C:\MCC18\src\traditional\proc\p18F4550.asm
                      TOS   0x000ffd       data     extern C:\MCC18\src\traditional\proc\p18F4550.asm
                     TOSH   0x000ffe       data     extern C:\MCC18\src\traditional\proc\p18F4550.asm
                     TOSL   0x000ffd       data     extern C:\MCC18\src\traditional\proc\p18F4550.asm
                     TOSU   0x000fff       data     extern C:\MCC18\src\traditional\proc\p18F4550.asm
                    TRISA   0x000f92       data     extern C:\MCC18\src\traditional\proc\p18F4550.asm
                TRISAbits   0x000f92       data     extern C:\MCC18\src\traditional\proc\p18F4550.asm
                    TRISB   0x000f93       data     extern C:\MCC18\src\traditional\proc\p18F4550.asm
                TRISBbits   0x000f93       data     extern C:\MCC18\src\traditional\proc\p18F4550.asm
                    TRISC   0x000f94       data     extern C:\MCC18\src\traditional\proc\p18F4550.asm
                TRISCbits   0x000f94       data     extern C:\MCC18\src\traditional\proc\p18F4550.asm
                    TRISD   0x000f95       data     extern C:\MCC18\src\traditional\proc\p18F4550.asm
                TRISDbits   0x000f95       data     extern C:\MCC18\src\traditional\proc\p18F4550.asm
                    TRISE   0x000f96       data     extern C:\MCC18\src\traditional\proc\p18F4550.asm
                TRISEbits   0x000f96       data     extern C:\MCC18\src\traditional\proc\p18F4550.asm
                    TXREG   0x000fad       data     extern C:\MCC18\src\traditional\proc\p18F4550.asm
                    TXSTA   0x000fac       data     extern C:\MCC18\src\traditional\proc\p18F4550.asm
                TXSTAbits   0x000fac       data     extern C:\MCC18\src\traditional\proc\p18F4550.asm
                    UADDR   0x000f6e       data     extern C:\MCC18\src\traditional\proc\p18F4550.asm
                UADDRbits   0x000f6e       data     extern C:\MCC18\src\traditional\proc\p18F4550.asm
                     UCFG   0x000f6f       data     extern C:\MCC18\src\traditional\proc\p18F4550.asm
                 UCFGbits   0x000f6f       data     extern C:\MCC18\src\traditional\proc\p18F4550.asm
                     UCON   0x000f6d       data     extern C:\MCC18\src\traditional\proc\p18F4550.asm
                 UCONbits   0x000f6d       data     extern C:\MCC18\src\traditional\proc\p18F4550.asm
                     UEIE   0x000f6b       data     extern C:\MCC18\src\traditional\proc\p18F4550.asm
                 UEIEbits   0x000f6b       data     extern C:\MCC18\src\traditional\proc\p18F4550.asm
                     UEIR   0x000f6a       data     extern C:\MCC18\src\traditional\proc\p18F4550.asm
                 UEIRbits   0x000f6a       data     extern C:\MCC18\src\traditional\proc\p18F4550.asm
                     UEP0   0x000f70       data     extern C:\MCC18\src\traditional\proc\p18F4550.asm
                 UEP0bits   0x000f70       data     extern C:\MCC18\src\traditional\proc\p18F4550.asm
                     UEP1   0x000f71       data     extern C:\MCC18\src\traditional\proc\p18F4550.asm
                    UEP10   0x000f7a       data     extern C:\MCC18\src\traditional\proc\p18F4550.asm
                UEP10bits   0x000f7a       data     extern C:\MCC18\src\traditional\proc\p18F4550.asm
                    UEP11   0x000f7b       data     extern C:\MCC18\src\traditional\proc\p18F4550.asm
                UEP11bits   0x000f7b       data     extern C:\MCC18\src\traditional\proc\p18F4550.asm
                    UEP12   0x000f7c       data     extern C:\MCC18\src\traditional\proc\p18F4550.asm
                UEP12bits   0x000f7c       data     extern C:\MCC18\src\traditional\proc\p18F4550.asm
                    UEP13   0x000f7d       data     extern C:\MCC18\src\traditional\proc\p18F4550.asm
                UEP13bits   0x000f7d       data     extern C:\MCC18\src\traditional\proc\p18F4550.asm
                    UEP14   0x000f7e       data     extern C:\MCC18\src\traditional\proc\p18F4550.asm
                UEP14bits   0x000f7e       data     extern C:\MCC18\src\traditional\proc\p18F4550.asm
                    UEP15   0x000f7f       data     extern C:\MCC18\src\traditional\proc\p18F4550.asm
                UEP15bits   0x000f7f       data     extern C:\MCC18\src\traditional\proc\p18F4550.asm
                 UEP1bits   0x000f71       data     extern C:\MCC18\src\traditional\proc\p18F4550.asm
                     UEP2   0x000f72       data     extern C:\MCC18\src\traditional\proc\p18F4550.asm
                 UEP2bits   0x000f72       data     extern C:\MCC18\src\traditional\proc\p18F4550.asm
                     UEP3   0x000f73       data     extern C:\MCC18\src\traditional\proc\p18F4550.asm
                 UEP3bits   0x000f73       data     extern C:\MCC18\src\traditional\proc\p18F4550.asm
                     UEP4   0x000f74       data     extern C:\MCC18\src\traditional\proc\p18F4550.asm
                 UEP4bits   0x000f74       data     extern C:\MCC18\src\traditional\proc\p18F4550.asm
                     UEP5   0x000f75       data     extern C:\MCC18\src\traditional\proc\p18F4550.asm
                 UEP5bits   0x000f75       data     extern C:\MCC18\src\traditional\proc\p18F4550.asm
                     UEP6   0x000f76       data     extern C:\MCC18\src\traditional\proc\p18F4550.asm
                 UEP6bits   0x000f76       data     extern C:\MCC18\src\traditional\proc\p18F4550.asm
                     UEP7   0x000f77       data     extern C:\MCC18\src\traditional\proc\p18F4550.asm
                 UEP7bits   0x000f77       data     extern C:\MCC18\src\traditional\proc\p18F4550.asm
                     UEP8   0x000f78       data     extern C:\MCC18\src\traditional\proc\p18F4550.asm
                 UEP8bits   0x000f78       data     extern C:\MCC18\src\traditional\proc\p18F4550.asm
                     UEP9   0x000f79       data     extern C:\MCC18\src\traditional\proc\p18F4550.asm
                 UEP9bits   0x000f79       data     extern C:\MCC18\src\traditional\proc\p18F4550.asm
                     UFRM   0x000f66       data     extern C:\MCC18\src\traditional\proc\p18F4550.asm
                    UFRMH   0x000f67       data     extern C:\MCC18\src\traditional\proc\p18F4550.asm
                UFRMHbits   0x000f67       data     extern C:\MCC18\src\traditional\proc\p18F4550.asm
                    UFRML   0x000f66       data     extern C:\MCC18\src\traditional\proc\p18F4550.asm
                UFRMLbits   0x000f66       data     extern C:\MCC18\src\traditional\proc\p18F4550.asm
                      UIE   0x000f69       data     extern C:\MCC18\src\traditional\proc\p18F4550.asm
                  UIEbits   0x000f69       data     extern C:\MCC18\src\traditional\proc\p18F4550.asm
                      UIR   0x000f68       data     extern C:\MCC18\src\traditional\proc\p18F4550.asm
                  UIRbits   0x000f68       data     extern C:\MCC18\src\traditional\proc\p18F4550.asm
             USART_Status   0x0001dd       data     extern C:\MCC18\src\pmc_common\USART\udefs.c
                    USTAT   0x000f6c       data     extern C:\MCC18\src\traditional\proc\p18F4550.asm
                USTATbits   0x000f6c       data     extern C:\MCC18\src\traditional\proc\p18F4550.asm
                   WDTCON   0x000fd1       data     extern C:\MCC18\src\traditional\proc\p18F4550.asm
               WDTCONbits   0x000fd1       data     extern C:\MCC18\src\traditional\proc\p18F4550.asm
                     WREG   0x000fe8       data     extern C:\MCC18\src\traditional\proc\p18F4550.asm
                 __AARGB0   0x000009       data     extern C:\MCC18\src\traditional\math\aarg.asm
                 __AARGB1   0x000008       data     extern C:\MCC18\src\traditional\math\aarg.asm
                 __AARGB2   0x000007       data     extern C:\MCC18\src\traditional\math\aarg.asm
                 __AARGB3   0x000006       data     extern C:\MCC18\src\traditional\math\aarg.asm
                 __AARGB4   0x000005       data     extern C:\MCC18\src\traditional\math\aarg.asm
                 __AARGB5   0x000004       data     extern C:\MCC18\src\traditional\math\aarg.asm
                 __AARGB6   0x000003       data     extern C:\MCC18\src\traditional\math\aarg.asm
                 __AARGB7   0x000002       data     extern C:\MCC18\src\traditional\math\aarg.asm
                   __AEXP   0x00000a       data     extern C:\MCC18\src\traditional\math\aarg.asm
                 __BARGB0   0x00000e       data     extern C:\MCC18\src\traditional\math\barg.asm
                 __BARGB1   0x00000d       data     extern C:\MCC18\src\traditional\math\barg.asm
                 __BARGB2   0x00000c       data     extern C:\MCC18\src\traditional\math\barg.asm
                 __BARGB3   0x00000b       data     extern C:\MCC18\src\traditional\math\barg.asm
                   __BEXP   0x00000f       data     extern C:\MCC18\src\traditional\math\barg.asm
                __FPFLAGS   0x000001       data     extern C:\MCC18\src\traditional\math\cmath18.asm
            __FPFLAGSbits   0x000001       data     extern C:\MCC18\src\traditional\math\cmath18.asm
                  __REMB0   0x000005       data     extern C:\MCC18\src\traditional\math\aarg.asm
                  __REMB1   0x000004       data     extern C:\MCC18\src\traditional\math\aarg.asm
                  __REMB2   0x000003       data     extern C:\MCC18\src\traditional\math\aarg.asm
                  __REMB3   0x000002       data     extern C:\MCC18\src\traditional\math\aarg.asm
                  __tmp_0   0x000010       data     static C:\MCC18\src\pmc_common\ADC\adcread.c
                  __tmp_0   0x000010       data     static C:\MCC18\src\pmc_common\ADC\adcopen.c
                  __tmp_0   0x000010       data     static C:\Users\Lucas7\Desktop\Lucas\DataLogeer.c
                  __tmp_1   0x000014       data     static C:\Users\Lucas7\Desktop\Lucas\DataLogeer.c
                _vXLCDreg   0x000100       data     extern C:\Users\Lucas7\Desktop\Lucas\xlcd_mod.c
        alterar_data_hora   0x0001c3       data     extern C:\Users\Lucas7\Desktop\Lucas\DataLogeer.c
                      ano   0x0001b6       data     extern C:\Users\Lucas7\Desktop\Lucas\DataLogeer.c
               base_tempo   0x0001d1       data     extern C:\Users\Lucas7\Desktop\Lucas\DataLogeer.c
                       ch   0x0001b1       data     extern C:\Users\Lucas7\Desktop\Lucas\DataLogeer.c
                 contTemp   0x0001a7       data     extern C:\Users\Lucas7\Desktop\Lucas\DataLogeer.c
               cont_tempo   0x0001a9       data     extern C:\Users\Lucas7\Desktop\Lucas\DataLogeer.c
                curr_byte   0x0001d6       data     static C:\MCC18\src\traditional\startup\c018i.c
               curr_entry   0x0001d8       data     static C:\MCC18\src\traditional\startup\c018i.c
                 data_ptr   0x0001da       data     static C:\MCC18\src\traditional\startup\c018i.c
                      day   0x0001ad       data     extern C:\Users\Lucas7\Desktop\Lucas\DataLogeer.c
                      dia   0x0001b2       data     extern C:\Users\Lucas7\Desktop\Lucas\DataLogeer.c
                     hora   0x0001b8       data     extern C:\Users\Lucas7\Desktop\Lucas\DataLogeer.c
                     hour   0x0001ae       data     extern C:\Users\Lucas7\Desktop\Lucas\DataLogeer.c
                        i   0x0001cf       data     extern C:\Users\Lucas7\Desktop\Lucas\DataLogeer.c
                  leitura   0x0001d2       data     extern C:\Users\Lucas7\Desktop\Lucas\DataLogeer.c
                      mes   0x0001b4       data     extern C:\Users\Lucas7\Desktop\Lucas\DataLogeer.c
                   minute   0x0001af       data     extern C:\Users\Lucas7\Desktop\Lucas\DataLogeer.c
                   minuto   0x0001ba       data     extern C:\Users\Lucas7\Desktop\Lucas\DataLogeer.c
                    month   0x0001ac       data     extern C:\Users\Lucas7\Desktop\Lucas\DataLogeer.c
                     prom   0x0001d3       data     static C:\MCC18\src\traditional\startup\c018i.c
                      res   0x00010b       data     extern C:\Users\Lucas7\Desktop\Lucas\DataLogeer.c
                   result   0x0001be       data     extern C:\Users\Lucas7\Desktop\Lucas\DataLogeer.c
                   second   0x0001b0       data     extern C:\Users\Lucas7\Desktop\Lucas\DataLogeer.c
                  segundo   0x0001bc       data     extern C:\Users\Lucas7\Desktop\Lucas\DataLogeer.c
                     temp   0x0001c0       data     extern C:\Users\Lucas7\Desktop\Lucas\DataLogeer.c
                    temp3   0x00010e       data     extern C:\Users\Lucas7\Desktop\Lucas\DataLogeer.c
                  tempAux   0x000110       data     extern C:\Users\Lucas7\Desktop\Lucas\DataLogeer.c
              temperatura   0x000101       data     extern C:\Users\Lucas7\Desktop\Lucas\DataLogeer.c
                    total   0x000109       data     extern C:\Users\Lucas7\Desktop\Lucas\DataLogeer.c
                        x   0x000107       data     extern C:\Users\Lucas7\Desktop\Lucas\DataLogeer.c
                     year   0x0001ab       data     extern C:\Users\Lucas7\Desktop\Lucas\DataLogeer.c



                              Symbols - Sorted by Address
                     Name    Address   Location    Storage File                     
                ---------  ---------  ---------  --------- ---------                
                   _entry   0x000000    program     extern C:\MCC18\src\traditional\startup\c018i.c
       ___return_lbl00000   0x000004    program     static                          
                   __init   0x000006    program     extern C:\MCC18\src\traditional\stdclib\__init.c
 interrupt_at_high_vector   0x000008    program     extern C:\Users\Lucas7\Desktop\Lucas\DataLogeer.c
       ___return_lbl00036   0x00000c    program     static                          
                  ReadI2C   0x00000e    program     extern C:\MCC18\src\pmc_common\i2c\i2c_read.c
  interrupt_at_low_vector   0x000018    program     extern C:\Users\Lucas7\Desktop\Lucas\DataLogeer.c
       ___return_lbl00035   0x00001c    program     static                          
            DelayFor18TCY   0x00002c    program     extern C:\Users\Lucas7\Desktop\Lucas\xlcd_mod.c
             DelayPORXLCD   0x000038    program     extern C:\Users\Lucas7\Desktop\Lucas\xlcd_mod.c
                DelayXLCD   0x000044    program     extern C:\Users\Lucas7\Desktop\Lucas\xlcd_mod.c
                 OpenXLCD   0x000050    program     extern C:\Users\Lucas7\Desktop\Lucas\xlcd_mod.c
             WriteCmdXLCD   0x000106    program     extern C:\Users\Lucas7\Desktop\Lucas\xlcd_mod.c
                 BusyXLCD   0x00014c    program     extern C:\Users\Lucas7\Desktop\Lucas\xlcd_mod.c
                 putsXLCD   0x00017e    program     extern C:\Users\Lucas7\Desktop\Lucas\xlcd_mod.c
             ReadAddrXLCD   0x0001c8    program     extern C:\Users\Lucas7\Desktop\Lucas\xlcd_mod.c
             ReadDataXLCD   0x000206    program     extern C:\Users\Lucas7\Desktop\Lucas\xlcd_mod.c
             SetCGRamAddr   0x000244    program     extern C:\Users\Lucas7\Desktop\Lucas\xlcd_mod.c
             SetDDRamAddr   0x00028c    program     extern C:\Users\Lucas7\Desktop\Lucas\xlcd_mod.c
            WriteDataXLCD   0x0002d4    program     extern C:\Users\Lucas7\Desktop\Lucas\xlcd_mod.c
                putrsXLCD   0x00031a    program     extern C:\Users\Lucas7\Desktop\Lucas\xlcd_mod.c
          HighPriorityISR   0x000368    program     extern C:\Users\Lucas7\Desktop\Lucas\DataLogeer.c
           LowPriorityISR   0x000492    program     extern C:\Users\Lucas7\Desktop\Lucas\DataLogeer.c
                     main   0x000570    program     extern C:\Users\Lucas7\Desktop\Lucas\DataLogeer.c
   alterar_data_hora_base   0x0008dc    program     extern C:\Users\Lucas7\Desktop\Lucas\DataLogeer.c
        TransmissaoEEPROM   0x000a76    program     extern C:\Users\Lucas7\Desktop\Lucas\DataLogeer.c
            leituraEEPROM   0x000ea8    program     extern C:\Users\Lucas7\Desktop\Lucas\DataLogeer.c
         converteArmazena   0x000ef4    program     extern C:\Users\Lucas7\Desktop\Lucas\DataLogeer.c
          ArmazenaMemoria   0x000fa6    program     extern C:\Users\Lucas7\Desktop\Lucas\DataLogeer.c
                sent_char   0x0011b0    program     extern C:\Users\Lucas7\Desktop\Lucas\DataLogeer.c
                 get_char   0x0011fe    program     extern C:\Users\Lucas7\Desktop\Lucas\DataLogeer.c
                read_time   0x001282    program     extern C:\Users\Lucas7\Desktop\Lucas\DataLogeer.c
                   atraso   0x0012e2    program     extern C:\Users\Lucas7\Desktop\Lucas\DataLogeer.c
                 set_time   0x00132e    program     extern C:\Users\Lucas7\Desktop\Lucas\DataLogeer.c
               set_wp_off   0x0013a0    program     extern C:\Users\Lucas7\Desktop\Lucas\DataLogeer.c
                set_wp_on   0x0013ce    program     extern C:\Users\Lucas7\Desktop\Lucas\DataLogeer.c
                set_ch_on   0x0013fe    program     extern C:\Users\Lucas7\Desktop\Lucas\DataLogeer.c
                PrintBCD2   0x001476    program     extern C:\Users\Lucas7\Desktop\Lucas\DataLogeer.c
                     itoa   0x0014e0    program     extern C:\MCC18\src\traditional\stdclib\itoa.asm
                jTstSign1   0x00150c    program     static C:\MCC18\src\traditional\stdclib\itoa.asm
                     jDo5   0x001556    program     static C:\MCC18\src\traditional\stdclib\itoa.asm
                     jDo4   0x00155a    program     static C:\MCC18\src\traditional\stdclib\itoa.asm
                     jDo3   0x00155e    program     static C:\MCC18\src\traditional\stdclib\itoa.asm
                     jDo2   0x001562    program     static C:\MCC18\src\traditional\stdclib\itoa.asm
                     jDo1   0x001566    program     static C:\MCC18\src\traditional\stdclib\itoa.asm
                 TstUpper   0x00159a    program     static C:\MCC18\src\traditional\stdclib\itoa.asm
                 TstLower   0x0015a0    program     static C:\MCC18\src\traditional\stdclib\itoa.asm
                jTstLowZ1   0x0015aa    program     static C:\MCC18\src\traditional\stdclib\itoa.asm
                ProcUpper   0x0015ac    program     static C:\MCC18\src\traditional\stdclib\itoa.asm
                ProcLower   0x0015b6    program     static C:\MCC18\src\traditional\stdclib\itoa.asm
                   itoBCD   0x0015c0    program     extern C:\MCC18\src\traditional\stdclib\itobcd.asm
                    jLoop   0x0015d8    program     static C:\MCC18\src\traditional\stdclib\itobcd.asm
                     jEnd   0x0015fe    program     static C:\MCC18\src\traditional\stdclib\itobcd.asm
                  OneByte   0x001602    program     static C:\MCC18\src\traditional\stdclib\itobcd.asm
         EESequentialRead   0x001614    program     extern C:\MCC18\src\pmc_common\i2c\i2c_eesr.c
                   __pa_0   0x0016b0    program     static C:\MCC18\src\pmc_common\i2c\i2c_eesr.c
                _do_cinit   0x0016be    program     extern C:\MCC18\src\traditional\startup\c018i.c
                     test   0x0016d8    program     static                          
                copy_loop   0x001730    program     static                          
            copy_one_byte   0x001736    program     static                          
             done_copying   0x001744    program     static                          
                     done   0x00175a    program     static                          
       ___return_lbl00002   0x00175a    program     static                          
              __string_12   0x00175c    program     static C:\Users\Lucas7\Desktop\Lucas\DataLogeer.c
              __string_11   0x00175f    program     static C:\Users\Lucas7\Desktop\Lucas\DataLogeer.c
              __string_10   0x001762    program     static C:\Users\Lucas7\Desktop\Lucas\DataLogeer.c
               __string_9   0x001764    program     static C:\Users\Lucas7\Desktop\Lucas\DataLogeer.c
               __string_8   0x00177a    program     static C:\Users\Lucas7\Desktop\Lucas\DataLogeer.c
               __string_7   0x0017a9    program     static C:\Users\Lucas7\Desktop\Lucas\DataLogeer.c
               __string_6   0x0017ac    program     static C:\Users\Lucas7\Desktop\Lucas\DataLogeer.c
               __string_5   0x0017b4    program     static C:\Users\Lucas7\Desktop\Lucas\DataLogeer.c
               __string_4   0x0017be    program     static C:\Users\Lucas7\Desktop\Lucas\DataLogeer.c
              EEPageWrite   0x0017e6    program     extern C:\MCC18\src\pmc_common\i2c\i2c_eepw.c
                   __pa_0   0x00185e    program     static C:\MCC18\src\pmc_common\i2c\i2c_eepw.c
                  putsI2C   0x00186c    program     extern C:\MCC18\src\pmc_common\i2c\i2c_puts.c
                   __pa_0   0x0018d2    program     static C:\MCC18\src\pmc_common\i2c\i2c_puts.c
                  FXM3232   0x0018e2    program     extern C:\MCC18\src\traditional\math\fxm3232.c
       ___return_lbl00000   0x001950    program     static                          
                  OpenADC   0x001952    program     extern C:\MCC18\src\pmc_common\ADC\adcopen.c
                 FXD3232S   0x0019c0    program     extern C:\MCC18\src\traditional\math\fxd3232s.asm
                  DA3232S   0x0019da    program     static C:\MCC18\src\traditional\math\fxd3232s.asm
                   D3232S   0x0019f0    program     static C:\MCC18\src\traditional\math\fxd3232s.asm
                 D3232SOK   0x0019fa    program     static C:\MCC18\src\traditional\math\fxd3232s.asm
                D3232SNEG   0x0019fe    program     static C:\MCC18\src\traditional\math\fxd3232s.asm
                  D3232SX   0x001a1e    program     static C:\MCC18\src\traditional\math\fxd3232s.asm
                  getsI2C   0x001a28    program     extern C:\MCC18\src\pmc_common\i2c\i2c_gets.c
               putrsUSART   0x001a8e    program     extern C:\MCC18\src\pmc_common\USART\uputrs.c
                 FXD3232U   0x001af2    program     extern C:\MCC18\src\traditional\math\fxd3232u.c
                     loop   0x001b00    program     static                          
                   _false   0x001b34    program     static                          
       ___return_lbl00000   0x001b38    program     static                          
                ReadUSART   0x001b3a    program     extern C:\MCC18\src\pmc_common\USART\uread.c
                 WriteI2C   0x001b78    program     extern C:\MCC18\src\pmc_common\i2c\i2c_writ.c
                 FXD2424U   0x001bb4    program     extern C:\MCC18\src\traditional\math\fxd2424u.c
                     loop   0x001bc0    program     static                          
                   _false   0x001be8    program     static                          
       ___return_lbl00000   0x001bec    program     static                          
                  OpenI2C   0x001bee    program     extern C:\MCC18\src\pmc_common\i2c\i2c_open.c
             Delay10KTCYx   0x001c24    program     extern C:\MCC18\src\traditional\delays\d10ktcyx.asm
                    D10Kx   0x001c2e    program     static C:\MCC18\src\traditional\delays\d10ktcyx.asm
                   D10K_1   0x001c30    program     static C:\MCC18\src\traditional\delays\d10ktcyx.asm
       _D10KTCYXCODE_0010   0x001c34    program     static C:\MCC18\src\traditional\delays\d10ktcyx.asm
                    D10Kl   0x001c3c    program     static C:\MCC18\src\traditional\delays\d10ktcyx.asm
       _D10KTCYXCODE_001C   0x001c40    program     static C:\MCC18\src\traditional\delays\d10ktcyx.asm
               WriteUSART   0x001c52    program     extern C:\MCC18\src\pmc_common\USART\uwrite.c
              Delay1KTCYx   0x001c80    program     extern C:\MCC18\src\traditional\delays\d1ktcyx.asm
                     D1Kx   0x001c8a    program     static C:\MCC18\src\traditional\delays\d1ktcyx.asm
                    D1K_1   0x001c8c    program     static C:\MCC18\src\traditional\delays\d1ktcyx.asm
        _D1KTCYXCODE_0010   0x001c90    program     static C:\MCC18\src\traditional\delays\d1ktcyx.asm
        _D1KTCYXCODE_0016   0x001c96    program     static C:\MCC18\src\traditional\delays\d1ktcyx.asm
                 _startup   0x001ca0    program     extern C:\MCC18\src\traditional\startup\c018i.c
                     loop   0x001cb0    program     static                          
       ___return_lbl00001   0x001cba    program     static                          
              Delay10TCYx   0x001cbc    program     extern C:\MCC18\src\traditional\delays\d10tcyx.asm
                     D10x   0x001cc4    program     static C:\MCC18\src\traditional\delays\d10tcyx.asm
        _D10TCYXCODE_000A   0x001cc6    program     static C:\MCC18\src\traditional\delays\d10tcyx.asm
        _D10TCYXCODE_000C   0x001cc8    program     static C:\MCC18\src\traditional\delays\d10tcyx.asm
        _D10TCYXCODE_000E   0x001cca    program     static C:\MCC18\src\traditional\delays\d10tcyx.asm
                    D10_1   0x001ccc    program     static C:\MCC18\src\traditional\delays\d10tcyx.asm
                  ReadADC   0x001cd2    program     extern C:\MCC18\src\pmc_common\ADC\adcread.c
                  IdleI2C   0x001ce4    program     extern C:\MCC18\src\pmc_common\i2c\i2c_idle.c
            __zero_memory   0x001cf2    program     extern C:\MCC18\src\traditional\proc\p18F4550.asm
               clear_loop   0x001cf8    program     static C:\MCC18\src\traditional\proc\p18F4550.asm
                  BusyADC   0x001d00    program     extern C:\MCC18\src\pmc_common\ADC\adcbusy.c
                 CloseADC   0x001d0a    program     extern C:\MCC18\src\pmc_common\ADC\adcclose.c
                 CloseI2C   0x001d10    program     extern C:\MCC18\src\pmc_common\i2c\i2c_clos.c
               ConvertADC   0x001d14    program     extern C:\MCC18\src\pmc_common\ADC\adcconv.c
               __config_0   0x300000    program     static C:\Users\Lucas7\Desktop\Lucas\DataLogeer.c
               __config_1   0x300001    program     static C:\Users\Lucas7\Desktop\Lucas\DataLogeer.c
               __config_2   0x300003    program     static C:\Users\Lucas7\Desktop\Lucas\DataLogeer.c
               __config_3   0x300005    program     static C:\Users\Lucas7\Desktop\Lucas\DataLogeer.c
               __config_4   0x300006    program     static C:\Users\Lucas7\Desktop\Lucas\DataLogeer.c
                     SIGN   0x000000       data     extern C:\MCC18\src\traditional\math\cmath18.asm
                __FPFLAGS   0x000001       data     extern C:\MCC18\src\traditional\math\cmath18.asm
            __FPFLAGSbits   0x000001       data     extern C:\MCC18\src\traditional\math\cmath18.asm
                  __REMB3   0x000002       data     extern C:\MCC18\src\traditional\math\aarg.asm
                 __AARGB7   0x000002       data     extern C:\MCC18\src\traditional\math\aarg.asm
                 __AARGB6   0x000003       data     extern C:\MCC18\src\traditional\math\aarg.asm
                  __REMB2   0x000003       data     extern C:\MCC18\src\traditional\math\aarg.asm
                 __AARGB5   0x000004       data     extern C:\MCC18\src\traditional\math\aarg.asm
                  __REMB1   0x000004       data     extern C:\MCC18\src\traditional\math\aarg.asm
                 __AARGB4   0x000005       data     extern C:\MCC18\src\traditional\math\aarg.asm
                  __REMB0   0x000005       data     extern C:\MCC18\src\traditional\math\aarg.asm
                 __AARGB3   0x000006       data     extern C:\MCC18\src\traditional\math\aarg.asm
                 __AARGB2   0x000007       data     extern C:\MCC18\src\traditional\math\aarg.asm
                 __AARGB1   0x000008       data     extern C:\MCC18\src\traditional\math\aarg.asm
                 __AARGB0   0x000009       data     extern C:\MCC18\src\traditional\math\aarg.asm
                   __AEXP   0x00000a       data     extern C:\MCC18\src\traditional\math\aarg.asm
                 __BARGB3   0x00000b       data     extern C:\MCC18\src\traditional\math\barg.asm
                 __BARGB2   0x00000c       data     extern C:\MCC18\src\traditional\math\barg.asm
                 __BARGB1   0x00000d       data     extern C:\MCC18\src\traditional\math\barg.asm
                 __BARGB0   0x00000e       data     extern C:\MCC18\src\traditional\math\barg.asm
                   __BEXP   0x00000f       data     extern C:\MCC18\src\traditional\math\barg.asm
                  __tmp_0   0x000010       data     static C:\MCC18\src\pmc_common\ADC\adcread.c
                  __tmp_0   0x000010       data     static C:\Users\Lucas7\Desktop\Lucas\DataLogeer.c
                  __tmp_0   0x000010       data     static C:\MCC18\src\pmc_common\ADC\adcopen.c
                  __tmp_1   0x000014       data     static C:\Users\Lucas7\Desktop\Lucas\DataLogeer.c
            DelayCounter2   0x000017       data     extern C:\MCC18\src\traditional\delays\delayd2.asm
            DelayCounter1   0x000018       data     extern C:\MCC18\src\traditional\delays\delayd1.asm
                _vXLCDreg   0x000100       data     extern C:\Users\Lucas7\Desktop\Lucas\xlcd_mod.c
              temperatura   0x000101       data     extern C:\Users\Lucas7\Desktop\Lucas\DataLogeer.c
                        x   0x000107       data     extern C:\Users\Lucas7\Desktop\Lucas\DataLogeer.c
                    total   0x000109       data     extern C:\Users\Lucas7\Desktop\Lucas\DataLogeer.c
                      res   0x00010b       data     extern C:\Users\Lucas7\Desktop\Lucas\DataLogeer.c
                    temp3   0x00010e       data     extern C:\Users\Lucas7\Desktop\Lucas\DataLogeer.c
                  tempAux   0x000110       data     extern C:\Users\Lucas7\Desktop\Lucas\DataLogeer.c
                 contTemp   0x0001a7       data     extern C:\Users\Lucas7\Desktop\Lucas\DataLogeer.c
               cont_tempo   0x0001a9       data     extern C:\Users\Lucas7\Desktop\Lucas\DataLogeer.c
                     year   0x0001ab       data     extern C:\Users\Lucas7\Desktop\Lucas\DataLogeer.c
                    month   0x0001ac       data     extern C:\Users\Lucas7\Desktop\Lucas\DataLogeer.c
                      day   0x0001ad       data     extern C:\Users\Lucas7\Desktop\Lucas\DataLogeer.c
                     hour   0x0001ae       data     extern C:\Users\Lucas7\Desktop\Lucas\DataLogeer.c
                   minute   0x0001af       data     extern C:\Users\Lucas7\Desktop\Lucas\DataLogeer.c
                   second   0x0001b0       data     extern C:\Users\Lucas7\Desktop\Lucas\DataLogeer.c
                       ch   0x0001b1       data     extern C:\Users\Lucas7\Desktop\Lucas\DataLogeer.c
                      dia   0x0001b2       data     extern C:\Users\Lucas7\Desktop\Lucas\DataLogeer.c
                      mes   0x0001b4       data     extern C:\Users\Lucas7\Desktop\Lucas\DataLogeer.c
                      ano   0x0001b6       data     extern C:\Users\Lucas7\Desktop\Lucas\DataLogeer.c
                     hora   0x0001b8       data     extern C:\Users\Lucas7\Desktop\Lucas\DataLogeer.c
                   minuto   0x0001ba       data     extern C:\Users\Lucas7\Desktop\Lucas\DataLogeer.c
                  segundo   0x0001bc       data     extern C:\Users\Lucas7\Desktop\Lucas\DataLogeer.c
                   result   0x0001be       data     extern C:\Users\Lucas7\Desktop\Lucas\DataLogeer.c
                     temp   0x0001c0       data     extern C:\Users\Lucas7\Desktop\Lucas\DataLogeer.c
        alterar_data_hora   0x0001c3       data     extern C:\Users\Lucas7\Desktop\Lucas\DataLogeer.c
                        i   0x0001cf       data     extern C:\Users\Lucas7\Desktop\Lucas\DataLogeer.c
               base_tempo   0x0001d1       data     extern C:\Users\Lucas7\Desktop\Lucas\DataLogeer.c
                  leitura   0x0001d2       data     extern C:\Users\Lucas7\Desktop\Lucas\DataLogeer.c
                     prom   0x0001d3       data     static C:\MCC18\src\traditional\startup\c018i.c
                curr_byte   0x0001d6       data     static C:\MCC18\src\traditional\startup\c018i.c
               curr_entry   0x0001d8       data     static C:\MCC18\src\traditional\startup\c018i.c
                 data_ptr   0x0001da       data     static C:\MCC18\src\traditional\startup\c018i.c
             USART_Status   0x0001dd       data     extern C:\MCC18\src\pmc_common\USART\udefs.c
                  SPPDATA   0x000f62       data     extern C:\MCC18\src\traditional\proc\p18F4550.asm
                   SPPCFG   0x000f63       data     extern C:\MCC18\src\traditional\proc\p18F4550.asm
               SPPCFGbits   0x000f63       data     extern C:\MCC18\src\traditional\proc\p18F4550.asm
               SPPEPSbits   0x000f64       data     extern C:\MCC18\src\traditional\proc\p18F4550.asm
                   SPPEPS   0x000f64       data     extern C:\MCC18\src\traditional\proc\p18F4550.asm
               SPPCONbits   0x000f65       data     extern C:\MCC18\src\traditional\proc\p18F4550.asm
                   SPPCON   0x000f65       data     extern C:\MCC18\src\traditional\proc\p18F4550.asm
                     UFRM   0x000f66       data     extern C:\MCC18\src\traditional\proc\p18F4550.asm
                    UFRML   0x000f66       data     extern C:\MCC18\src\traditional\proc\p18F4550.asm
                UFRMLbits   0x000f66       data     extern C:\MCC18\src\traditional\proc\p18F4550.asm
                UFRMHbits   0x000f67       data     extern C:\MCC18\src\traditional\proc\p18F4550.asm
                    UFRMH   0x000f67       data     extern C:\MCC18\src\traditional\proc\p18F4550.asm
                  UIRbits   0x000f68       data     extern C:\MCC18\src\traditional\proc\p18F4550.asm
                      UIR   0x000f68       data     extern C:\MCC18\src\traditional\proc\p18F4550.asm
                  UIEbits   0x000f69       data     extern C:\MCC18\src\traditional\proc\p18F4550.asm
                      UIE   0x000f69       data     extern C:\MCC18\src\traditional\proc\p18F4550.asm
                 UEIRbits   0x000f6a       data     extern C:\MCC18\src\traditional\proc\p18F4550.asm
                     UEIR   0x000f6a       data     extern C:\MCC18\src\traditional\proc\p18F4550.asm
                 UEIEbits   0x000f6b       data     extern C:\MCC18\src\traditional\proc\p18F4550.asm
                     UEIE   0x000f6b       data     extern C:\MCC18\src\traditional\proc\p18F4550.asm
                    USTAT   0x000f6c       data     extern C:\MCC18\src\traditional\proc\p18F4550.asm
                USTATbits   0x000f6c       data     extern C:\MCC18\src\traditional\proc\p18F4550.asm
                 UCONbits   0x000f6d       data     extern C:\MCC18\src\traditional\proc\p18F4550.asm
                     UCON   0x000f6d       data     extern C:\MCC18\src\traditional\proc\p18F4550.asm
                UADDRbits   0x000f6e       data     extern C:\MCC18\src\traditional\proc\p18F4550.asm
                    UADDR   0x000f6e       data     extern C:\MCC18\src\traditional\proc\p18F4550.asm
                 UCFGbits   0x000f6f       data     extern C:\MCC18\src\traditional\proc\p18F4550.asm
                     UCFG   0x000f6f       data     extern C:\MCC18\src\traditional\proc\p18F4550.asm
                     UEP0   0x000f70       data     extern C:\MCC18\src\traditional\proc\p18F4550.asm
                 UEP0bits   0x000f70       data     extern C:\MCC18\src\traditional\proc\p18F4550.asm
                     UEP1   0x000f71       data     extern C:\MCC18\src\traditional\proc\p18F4550.asm
                 UEP1bits   0x000f71       data     extern C:\MCC18\src\traditional\proc\p18F4550.asm
                     UEP2   0x000f72       data     extern C:\MCC18\src\traditional\proc\p18F4550.asm
                 UEP2bits   0x000f72       data     extern C:\MCC18\src\traditional\proc\p18F4550.asm
                 UEP3bits   0x000f73       data     extern C:\MCC18\src\traditional\proc\p18F4550.asm
                     UEP3   0x000f73       data     extern C:\MCC18\src\traditional\proc\p18F4550.asm
                 UEP4bits   0x000f74       data     extern C:\MCC18\src\traditional\proc\p18F4550.asm
                     UEP4   0x000f74       data     extern C:\MCC18\src\traditional\proc\p18F4550.asm
                 UEP5bits   0x000f75       data     extern C:\MCC18\src\traditional\proc\p18F4550.asm
                     UEP5   0x000f75       data     extern C:\MCC18\src\traditional\proc\p18F4550.asm
                 UEP6bits   0x000f76       data     extern C:\MCC18\src\traditional\proc\p18F4550.asm
                     UEP6   0x000f76       data     extern C:\MCC18\src\traditional\proc\p18F4550.asm
                     UEP7   0x000f77       data     extern C:\MCC18\src\traditional\proc\p18F4550.asm
                 UEP7bits   0x000f77       data     extern C:\MCC18\src\traditional\proc\p18F4550.asm
                     UEP8   0x000f78       data     extern C:\MCC18\src\traditional\proc\p18F4550.asm
                 UEP8bits   0x000f78       data     extern C:\MCC18\src\traditional\proc\p18F4550.asm
                 UEP9bits   0x000f79       data     extern C:\MCC18\src\traditional\proc\p18F4550.asm
                     UEP9   0x000f79       data     extern C:\MCC18\src\traditional\proc\p18F4550.asm
                    UEP10   0x000f7a       data     extern C:\MCC18\src\traditional\proc\p18F4550.asm
                UEP10bits   0x000f7a       data     extern C:\MCC18\src\traditional\proc\p18F4550.asm
[...]
                UEP12bits   0x000f7c       data     extern C:\MCC18\src\traditional\proc\p18F4550.asm
                    UEP12   0x000f7c       data     extern C:\MCC18\src\traditional\proc\p18F4550.asm
                    UEP13   0x000f7d       data     extern C:\MCC18\src\traditional\proc\p18F4550.asm
                UEP13bits   0x000f7d       data     extern C:\MCC18\src\traditional\proc\p18F4550.asm
                    UEP14   0x000f7e       data     extern C:\MCC18\src\traditional\proc\p18F4550.asm
                UEP14bits   0x000f7e       data     extern C:\MCC18\src\traditional\proc\p18F4550.asm
                UEP15bits   0x000f7f       data     extern C:\MCC18\src\traditional\proc\p18F4550.asm
                    UEP15   0x000f7f       data     extern C:\MCC18\src\traditional\proc\p18F4550.asm
                PORTAbits   0x000f80       data     extern C:\MCC18\src\traditional\proc\p18F4550.asm
                    PORTA   0x000f80       data     extern C:\MCC18\src\traditional\proc\p18F4550.asm
                PORTBbits   0x000f81       data     extern C:\MCC18\src\traditional\proc\p18F4550.asm
                    PORTB   0x000f81       data     extern C:\MCC18\src\traditional\proc\p18F4550.asm
                PORTCbits   0x000f82       data     extern C:\MCC18\src\traditional\proc\p18F4550.asm
                    PORTC   0x000f82       data     extern C:\MCC18\src\traditional\proc\p18F4550.asm
                    PORTD   0x000f83       data     extern C:\MCC18\src\traditional\proc\p18F4550.asm
                PORTDbits   0x000f83       data     extern C:\MCC18\src\traditional\proc\p18F4550.asm
                    PORTE   0x000f84       data     extern C:\MCC18\src\traditional\proc\p18F4550.asm
                PORTEbits   0x000f84       data     extern C:\MCC18\src\traditional\proc\p18F4550.asm
                     LATA   0x000f89       data     extern C:\MCC18\src\traditional\proc\p18F4550.asm
                 LATAbits   0x000f89       data     extern C:\MCC18\src\traditional\proc\p18F4550.asm
                     LATB   0x000f8a       data     extern C:\MCC18\src\traditional\proc\p18F4550.asm
                 LATBbits   0x000f8a       data     extern C:\MCC18\src\traditional\proc\p18F4550.asm
                     LATC   0x000f8b       data     extern C:\MCC18\src\traditional\proc\p18F4550.asm
                 LATCbits   0x000f8b       data     extern C:\MCC18\src\traditional\proc\p18F4550.asm
                     LATD   0x000f8c       data     extern C:\MCC18\src\traditional\proc\p18F4550.asm
                 LATDbits   0x000f8c       data     extern C:\MCC18\src\traditional\proc\p18F4550.asm
                     LATE   0x000f8d       data     extern C:\MCC18\src\traditional\proc\p18F4550.asm
                 LATEbits   0x000f8d       data     extern C:\MCC18\src\traditional\proc\p18F4550.asm
                    TRISA   0x000f92       data     extern C:\MCC18\src\traditional\proc\p18F4550.asm
                TRISAbits   0x000f92       data     extern C:\MCC18\src\traditional\proc\p18F4550.asm
                     DDRA   0x000f92       data     extern C:\MCC18\src\traditional\proc\p18F4550.asm
                 DDRAbits   0x000f92       data     extern C:\MCC18\src\traditional\proc\p18F4550.asm
                 DDRBbits   0x000f93       data     extern C:\MCC18\src\traditional\proc\p18F4550.asm
                     DDRB   0x000f93       data     extern C:\MCC18\src\traditional\proc\p18F4550.asm
                TRISBbits   0x000f93       data     extern C:\MCC18\src\traditional\proc\p18F4550.asm
                    TRISB   0x000f93       data     extern C:\MCC18\src\traditional\proc\p18F4550.asm
                     DDRC   0x000f94       data     extern C:\MCC18\src\traditional\proc\p18F4550.asm
                 DDRCbits   0x000f94       data     extern C:\MCC18\src\traditional\proc\p18F4550.asm
                TRISCbits   0x000f94       data     extern C:\MCC18\src\traditional\proc\p18F4550.asm
                    TRISC   0x000f94       data     extern C:\MCC18\src\traditional\proc\p18F4550.asm
                     DDRD   0x000f95       data     extern C:\MCC18\src\traditional\proc\p18F4550.asm
                 DDRDbits   0x000f95       data     extern C:\MCC18\src\traditional\proc\p18F4550.asm
                TRISDbits   0x000f95       data     extern C:\MCC18\src\traditional\proc\p18F4550.asm
                    TRISD   0x000f95       data     extern C:\MCC18\src\traditional\proc\p18F4550.asm
                TRISEbits   0x000f96       data     extern C:\MCC18\src\traditional\proc\p18F4550.asm
                    TRISE   0x000f96       data     extern C:\MCC18\src\traditional\proc\p18F4550.asm
                     DDRE   0x000f96       data     extern C:\MCC18\src\traditional\proc\p18F4550.asm
                 DDREbits   0x000f96       data     extern C:\MCC18\src\traditional\proc\p18F4550.asm
              OSCTUNEbits   0x000f9b       data     extern C:\MCC18\src\traditional\proc\p18F4550.asm
                  OSCTUNE   0x000f9b       data     extern C:\MCC18\src\traditional\proc\p18F4550.asm
                     PIE1   0x000f9d       data     extern C:\MCC18\src\traditional\proc\p18F4550.asm
                 PIE1bits   0x000f9d       data     extern C:\MCC18\src\traditional\proc\p18F4550.asm
                     PIR1   0x000f9e       data     extern C:\MCC18\src\traditional\proc\p18F4550.asm
                 PIR1bits   0x000f9e       data     extern C:\MCC18\src\traditional\proc\p18F4550.asm
                 IPR1bits   0x000f9f       data     extern C:\MCC18\src\traditional\proc\p18F4550.asm
                     IPR1   0x000f9f       data     extern C:\MCC18\src\traditional\proc\p18F4550.asm
                     PIE2   0x000fa0       data     extern C:\MCC18\src\traditional\proc\p18F4550.asm
                 PIE2bits   0x000fa0       data     extern C:\MCC18\src\traditional\proc\p18F4550.asm
                     PIR2   0x000fa1       data     extern C:\MCC18\src\traditional\proc\p18F4550.asm
                 PIR2bits   0x000fa1       data     extern C:\MCC18\src\traditional\proc\p18F4550.asm
                     IPR2   0x000fa2       data     extern C:\MCC18\src\traditional\proc\p18F4550.asm
                 IPR2bits   0x000fa2       data     extern C:\MCC18\src\traditional\proc\p18F4550.asm
               EECON1bits   0x000fa6       data     extern C:\MCC18\src\traditional\proc\p18F4550.asm
                   EECON1   0x000fa6       data     extern C:\MCC18\src\traditional\proc\p18F4550.asm
                   EECON2   0x000fa7       data     extern C:\MCC18\src\traditional\proc\p18F4550.asm
                   EEDATA   0x000fa8       data     extern C:\MCC18\src\traditional\proc\p18F4550.asm
                    EEADR   0x000fa9       data     extern C:\MCC18\src\traditional\proc\p18F4550.asm
                RCSTAbits   0x000fab       data     extern C:\MCC18\src\traditional\proc\p18F4550.asm
                    RCSTA   0x000fab       data     extern C:\MCC18\src\traditional\proc\p18F4550.asm
                TXSTAbits   0x000fac       data     extern C:\MCC18\src\traditional\proc\p18F4550.asm
                    TXSTA   0x000fac       data     extern C:\MCC18\src\traditional\proc\p18F4550.asm
                    TXREG   0x000fad       data     extern C:\MCC18\src\traditional\proc\p18F4550.asm
                    RCREG   0x000fae       data     extern C:\MCC18\src\traditional\proc\p18F4550.asm
                    SPBRG   0x000faf       data     extern C:\MCC18\src\traditional\proc\p18F4550.asm
                   SPBRGH   0x000fb0       data     extern C:\MCC18\src\traditional\proc\p18F4550.asm
                T3CONbits   0x000fb1       data     extern C:\MCC18\src\traditional\proc\p18F4550.asm
                    T3CON   0x000fb1       data     extern C:\MCC18\src\traditional\proc\p18F4550.asm
                    TMR3L   0x000fb2       data     extern C:\MCC18\src\traditional\proc\p18F4550.asm
                    TMR3H   0x000fb3       data     extern C:\MCC18\src\traditional\proc\p18F4550.asm
                    CMCON   0x000fb4       data     extern C:\MCC18\src\traditional\proc\p18F4550.asm
                CMCONbits   0x000fb4       data     extern C:\MCC18\src\traditional\proc\p18F4550.asm
               CVRCONbits   0x000fb5       data     extern C:\MCC18\src\traditional\proc\p18F4550.asm
                   CVRCON   0x000fb5       data     extern C:\MCC18\src\traditional\proc\p18F4550.asm
                   CCP1AS   0x000fb6       data     extern C:\MCC18\src\traditional\proc\p18F4550.asm
               CCP1ASbits   0x000fb6       data     extern C:\MCC18\src\traditional\proc\p18F4550.asm
              ECCP1ASbits   0x000fb6       data     extern C:\MCC18\src\traditional\proc\p18F4550.asm
                  ECCP1AS   0x000fb6       data     extern C:\MCC18\src\traditional\proc\p18F4550.asm
              CCP1DELbits   0x000fb7       data     extern C:\MCC18\src\traditional\proc\p18F4550.asm
                  CCP1DEL   0x000fb7       data     extern C:\MCC18\src\traditional\proc\p18F4550.asm
             ECCP1DELbits   0x000fb7       data     extern C:\MCC18\src\traditional\proc\p18F4550.asm
                 ECCP1DEL   0x000fb7       data     extern C:\MCC18\src\traditional\proc\p18F4550.asm
              BAUDCONbits   0x000fb8       data     extern C:\MCC18\src\traditional\proc\p18F4550.asm
                  BAUDCON   0x000fb8       data     extern C:\MCC18\src\traditional\proc\p18F4550.asm
                  CCP2CON   0x000fba       data     extern C:\MCC18\src\traditional\proc\p18F4550.asm
              CCP2CONbits   0x000fba       data     extern C:\MCC18\src\traditional\proc\p18F4550.asm
                    CCPR2   0x000fbb       data     extern C:\MCC18\src\traditional\proc\p18F4550.asm
                   CCPR2L   0x000fbb       data     extern C:\MCC18\src\traditional\proc\p18F4550.asm
                   CCPR2H   0x000fbc       data     extern C:\MCC18\src\traditional\proc\p18F4550.asm
                  CCP1CON   0x000fbd       data     extern C:\MCC18\src\traditional\proc\p18F4550.asm
              CCP1CONbits   0x000fbd       data     extern C:\MCC18\src\traditional\proc\p18F4550.asm
                 ECCP1CON   0x000fbd       data     extern C:\MCC18\src\traditional\proc\p18F4550.asm
             ECCP1CONbits   0x000fbd       data     extern C:\MCC18\src\traditional\proc\p18F4550.asm
                    CCPR1   0x000fbe       data     extern C:\MCC18\src\traditional\proc\p18F4550.asm
                   CCPR1L   0x000fbe       data     extern C:\MCC18\src\traditional\proc\p18F4550.asm
                   CCPR1H   0x000fbf       data     extern C:\MCC18\src\traditional\proc\p18F4550.asm
                   ADCON2   0x000fc0       data     extern C:\MCC18\src\traditional\proc\p18F4550.asm
               ADCON2bits   0x000fc0       data     extern C:\MCC18\src\traditional\proc\p18F4550.asm
               ADCON1bits   0x000fc1       data     extern C:\MCC18\src\traditional\proc\p18F4550.asm
                   ADCON1   0x000fc1       data     extern C:\MCC18\src\traditional\proc\p18F4550.asm
                   ADCON0   0x000fc2       data     extern C:\MCC18\src\traditional\proc\p18F4550.asm
               ADCON0bits   0x000fc2       data     extern C:\MCC18\src\traditional\proc\p18F4550.asm
                    ADRES   0x000fc3       data     extern C:\MCC18\src\traditional\proc\p18F4550.asm
                   ADRESL   0x000fc3       data     extern C:\MCC18\src\traditional\proc\p18F4550.asm
                   ADRESH   0x000fc4       data     extern C:\MCC18\src\traditional\proc\p18F4550.asm
                  SSPCON2   0x000fc5       data     extern C:\MCC18\src\traditional\proc\p18F4550.asm
              SSPCON2bits   0x000fc5       data     extern C:\MCC18\src\traditional\proc\p18F4550.asm
                  SSPCON1   0x000fc6       data     extern C:\MCC18\src\traditional\proc\p18F4550.asm
              SSPCON1bits   0x000fc6       data     extern C:\MCC18\src\traditional\proc\p18F4550.asm
                  SSPSTAT   0x000fc7       data     extern C:\MCC18\src\traditional\proc\p18F4550.asm
              SSPSTATbits   0x000fc7       data     extern C:\MCC18\src\traditional\proc\p18F4550.asm
                   SSPADD   0x000fc8       data     extern C:\MCC18\src\traditional\proc\p18F4550.asm
                   SSPBUF   0x000fc9       data     extern C:\MCC18\src\traditional\proc\p18F4550.asm
                T2CONbits   0x000fca       data     extern C:\MCC18\src\traditional\proc\p18F4550.asm
                    T2CON   0x000fca       data     extern C:\MCC18\src\traditional\proc\p18F4550.asm
                      PR2   0x000fcb       data     extern C:\MCC18\src\traditional\proc\p18F4550.asm
                     TMR2   0x000fcc       data     extern C:\MCC18\src\traditional\proc\p18F4550.asm
                T1CONbits   0x000fcd       data     extern C:\MCC18\src\traditional\proc\p18F4550.asm
                    T1CON   0x000fcd       data     extern C:\MCC18\src\traditional\proc\p18F4550.asm
                    TMR1L   0x000fce       data     extern C:\MCC18\src\traditional\proc\p18F4550.asm
                    TMR1H   0x000fcf       data     extern C:\MCC18\src\traditional\proc\p18F4550.asm
                     RCON   0x000fd0       data     extern C:\MCC18\src\traditional\proc\p18F4550.asm
                 RCONbits   0x000fd0       data     extern C:\MCC18\src\traditional\proc\p18F4550.asm
                   WDTCON   0x000fd1       data     extern C:\MCC18\src\traditional\proc\p18F4550.asm
               WDTCONbits   0x000fd1       data     extern C:\MCC18\src\traditional\proc\p18F4550.asm
               LVDCONbits   0x000fd2       data     extern C:\MCC18\src\traditional\proc\p18F4550.asm
                   LVDCON   0x000fd2       data     extern C:\MCC18\src\traditional\proc\p18F4550.asm
              HLVDCONbits   0x000fd2       data     extern C:\MCC18\src\traditional\proc\p18F4550.asm
                  HLVDCON   0x000fd2       data     extern C:\MCC18\src\traditional\proc\p18F4550.asm
               OSCCONbits   0x000fd3       data     extern C:\MCC18\src\traditional\proc\p18F4550.asm
                   OSCCON   0x000fd3       data     extern C:\MCC18\src\traditional\proc\p18F4550.asm
                    T0CON   0x000fd5       data     extern C:\MCC18\src\traditional\proc\p18F4550.asm
                T0CONbits   0x000fd5       data     extern C:\MCC18\src\traditional\proc\p18F4550.asm
                    TMR0L   0x000fd6       data     extern C:\MCC18\src\traditional\proc\p18F4550.asm
                    TMR0H   0x000fd7       data     extern C:\MCC18\src\traditional\proc\p18F4550.asm
               STATUSbits   0x000fd8       data     extern C:\MCC18\src\traditional\proc\p18F4550.asm
                   STATUS   0x000fd8       data     extern C:\MCC18\src\traditional\proc\p18F4550.asm
                    FSR2L   0x000fd9       data     extern C:\MCC18\src\traditional\proc\p18F4550.asm
                     FSR2   0x000fd9       data     extern C:\MCC18\src\traditional\proc\p18F4550.asm
                    FSR2H   0x000fda       data     extern C:\MCC18\src\traditional\proc\p18F4550.asm
                   PLUSW2   0x000fdb       data     extern C:\MCC18\src\traditional\proc\p18F4550.asm
                  PREINC2   0x000fdc       data     extern C:\MCC18\src\traditional\proc\p18F4550.asm
                 POSTDEC2   0x000fdd       data     extern C:\MCC18\src\traditional\proc\p18F4550.asm
                 POSTINC2   0x000fde       data     extern C:\MCC18\src\traditional\proc\p18F4550.asm
                    INDF2   0x000fdf       data     extern C:\MCC18\src\traditional\proc\p18F4550.asm
                      BSR   0x000fe0       data     extern C:\MCC18\src\traditional\proc\p18F4550.asm
                     FSR1   0x000fe1       data     extern C:\MCC18\src\traditional\proc\p18F4550.asm
                    FSR1L   0x000fe1       data     extern C:\MCC18\src\traditional\proc\p18F4550.asm
                    FSR1H   0x000fe2       data     extern C:\MCC18\src\traditional\proc\p18F4550.asm
                   PLUSW1   0x000fe3       data     extern C:\MCC18\src\traditional\proc\p18F4550.asm
                  PREINC1   0x000fe4       data     extern C:\MCC18\src\traditional\proc\p18F4550.asm
                 POSTDEC1   0x000fe5       data     extern C:\MCC18\src\traditional\proc\p18F4550.asm
                 POSTINC1   0x000fe6       data     extern C:\MCC18\src\traditional\proc\p18F4550.asm
                    INDF1   0x000fe7       data     extern C:\MCC18\src\traditional\proc\p18F4550.asm
                     WREG   0x000fe8       data     extern C:\MCC18\src\traditional\proc\p18F4550.asm
                     FSR0   0x000fe9       data     extern C:\MCC18\src\traditional\proc\p18F4550.asm
                    FSR0L   0x000fe9       data     extern C:\MCC18\src\traditional\proc\p18F4550.asm
                    FSR0H   0x000fea       data     extern C:\MCC18\src\traditional\proc\p18F4550.asm
                   PLUSW0   0x000feb       data     extern C:\MCC18\src\traditional\proc\p18F4550.asm
                  PREINC0   0x000fec       data     extern C:\MCC18\src\traditional\proc\p18F4550.asm
                 POSTDEC0   0x000fed       data     extern C:\MCC18\src\traditional\proc\p18F4550.asm
                 POSTINC0   0x000fee       data     extern C:\MCC18\src\traditional\proc\p18F4550.asm
                    INDF0   0x000fef       data     extern C:\MCC18\src\traditional\proc\p18F4550.asm
              INTCON3bits   0x000ff0       data     extern C:\MCC18\src\traditional\proc\p18F4550.asm
                  INTCON3   0x000ff0       data     extern C:\MCC18\src\traditional\proc\p18F4550.asm
              INTCON2bits   0x000ff1       data     extern C:\MCC18\src\traditional\proc\p18F4550.asm
                  INTCON2   0x000ff1       data     extern C:\MCC18\src\traditional\proc\p18F4550.asm
               INTCONbits   0x000ff2       data     extern C:\MCC18\src\traditional\proc\p18F4550.asm
                   INTCON   0x000ff2       data     extern C:\MCC18\src\traditional\proc\p18F4550.asm
                     PROD   0x000ff3       data     extern C:\MCC18\src\traditional\proc\p18F4550.asm
                    PRODL   0x000ff3       data     extern C:\MCC18\src\traditional\proc\p18F4550.asm
                    PRODH   0x000ff4       data     extern C:\MCC18\src\traditional\proc\p18F4550.asm
                   TABLAT   0x000ff5       data     extern C:\MCC18\src\traditional\proc\p18F4550.asm
                  TBLPTRL   0x000ff6       data     extern C:\MCC18\src\traditional\proc\p18F4550.asm
                   TBLPTR   0x000ff6       data     extern C:\MCC18\src\traditional\proc\p18F4550.asm
                  TBLPTRH   0x000ff7       data     extern C:\MCC18\src\traditional\proc\p18F4550.asm
                  TBLPTRU   0x000ff8       data     extern C:\MCC18\src\traditional\proc\p18F4550.asm
                      PCL   0x000ff9       data     extern C:\MCC18\src\traditional\proc\p18F4550.asm
                       PC   0x000ff9       data     extern C:\MCC18\src\traditional\proc\p18F4550.asm
                   PCLATH   0x000ffa       data     extern C:\MCC18\src\traditional\proc\p18F4550.asm
                   PCLATU   0x000ffb       data     extern C:\MCC18\src\traditional\proc\p18F4550.asm
                   STKPTR   0x000ffc       data     extern C:\MCC18\src\traditional\proc\p18F4550.asm
               STKPTRbits   0x000ffc       data     extern C:\MCC18\src\traditional\proc\p18F4550.asm
                      TOS   0x000ffd       data     extern C:\MCC18\src\traditional\proc\p18F4550.asm
                     TOSL   0x000ffd       data     extern C:\MCC18\src\traditional\proc\p18F4550.asm
                     TOSH   0x000ffe       data     extern C:\MCC18\src\traditional\proc\p18F4550.asm
                     TOSU   0x000fff       data     extern C:\MCC18\src\traditional\proc\p18F4550.asm


